<?xml version="1.0" encoding="ISO-8859-1" ?>
<link_info>
   <banner>TI ARM Clang Linker PC v3.2.0.LTS</banner>
   <copyright>Copyright (c) 1996-2018 Texas Instruments Incorporated</copyright>
   <link_time>0x65518844</link_time>
   <link_errors>0x0</link_errors>
   <output_file>C:\Users\drew1\workspace_v12_2\uart2echo_CC3220S_LAUNCHXL_nortos_ticlang\MCU+Image\uart2echo_CC3220S_LAUNCHXL_nortos_ticlang.out</output_file>
   <entry_point>
      <name>resetISR</name>
      <address>0x2000fc49</address>
   </entry_point>
   <input_file_list>
      <input_file id="fl-1">
         <path>C:\Users\drew1\workspace_v12_2\uart2echo_CC3220S_LAUNCHXL_nortos_ticlang\MCU+Image\.\</path>
         <kind>object</kind>
         <file>main_nortos.o</file>
         <name>main_nortos.o</name>
      </input_file>
      <input_file id="fl-2">
         <path>C:\Users\drew1\workspace_v12_2\uart2echo_CC3220S_LAUNCHXL_nortos_ticlang\MCU+Image\.\</path>
         <kind>object</kind>
         <file>uart2echo.o</file>
         <name>uart2echo.o</name>
      </input_file>
      <input_file id="fl-3">
         <path>C:\Users\drew1\workspace_v12_2\uart2echo_CC3220S_LAUNCHXL_nortos_ticlang\MCU+Image\.\syscfg\</path>
         <kind>object</kind>
         <file>ti_drivers_config.o</file>
         <name>ti_drivers_config.o</name>
      </input_file>
      <input_file id="fl-13">
         <path>C:\Users\drew1\workspace_v12_2\uart2echo_CC3220S_LAUNCHXL_nortos_ticlang\MCU+Image\</path>
         <kind>object</kind>
         <file>&lt;internal&gt;</file>
         <name>&lt;internal&gt;</name>
      </input_file>
      <input_file id="fl-14">
         <path>C:\ti\simplelink_cc32xx_sdk_7_10_00_13\source\ti\drivers\lib\ticlang\m4\</path>
         <kind>archive</kind>
         <file>drivers_cc32xx.a</file>
         <name>GPIOCC32XX.c.obj</name>
      </input_file>
      <input_file id="fl-15">
         <path>C:\ti\simplelink_cc32xx_sdk_7_10_00_13\source\ti\drivers\lib\ticlang\m4\</path>
         <kind>archive</kind>
         <file>drivers_cc32xx.a</file>
         <name>PowerCC32XX.c.obj</name>
      </input_file>
      <input_file id="fl-16">
         <path>C:\ti\simplelink_cc32xx_sdk_7_10_00_13\source\ti\drivers\lib\ticlang\m4\</path>
         <kind>archive</kind>
         <file>drivers_cc32xx.a</file>
         <name>PowerCC32XX_ticlang.asm.obj</name>
      </input_file>
      <input_file id="fl-17">
         <path>C:\ti\simplelink_cc32xx_sdk_7_10_00_13\source\ti\drivers\lib\ticlang\m4\</path>
         <kind>archive</kind>
         <file>drivers_cc32xx.a</file>
         <name>UART2.c.obj</name>
      </input_file>
      <input_file id="fl-18">
         <path>C:\ti\simplelink_cc32xx_sdk_7_10_00_13\source\ti\drivers\lib\ticlang\m4\</path>
         <kind>archive</kind>
         <file>drivers_cc32xx.a</file>
         <name>UART2CC32XX.c.obj</name>
      </input_file>
      <input_file id="fl-19">
         <path>C:\ti\simplelink_cc32xx_sdk_7_10_00_13\source\ti\drivers\lib\ticlang\m4\</path>
         <kind>archive</kind>
         <file>drivers_cc32xx.a</file>
         <name>List.c.obj</name>
      </input_file>
      <input_file id="fl-1a">
         <path>C:\ti\simplelink_cc32xx_sdk_7_10_00_13\source\ti\drivers\lib\ticlang\m4\</path>
         <kind>archive</kind>
         <file>drivers_cc32xx.a</file>
         <name>RingBuf.c.obj</name>
      </input_file>
      <input_file id="fl-1b">
         <path>C:\ti\simplelink_cc32xx_sdk_7_10_00_13\source\ti\drivers\lib\ticlang\m4\</path>
         <kind>archive</kind>
         <file>drivers_cc32xx.a</file>
         <name>UDMACC32XX.c.obj</name>
      </input_file>
      <input_file id="fl-1c">
         <path>C:\ti\simplelink_cc32xx_sdk_7_10_00_13\kernel\nortos\lib\ticlang\m4\</path>
         <kind>archive</kind>
         <file>nortos_cc32xx.a</file>
         <name>NoRTOS.c.obj</name>
      </input_file>
      <input_file id="fl-1d">
         <path>C:\ti\simplelink_cc32xx_sdk_7_10_00_13\kernel\nortos\lib\ticlang\m4\</path>
         <kind>archive</kind>
         <file>nortos_cc32xx.a</file>
         <name>SemaphoreP_nortos.c.obj</name>
      </input_file>
      <input_file id="fl-1e">
         <path>C:\ti\simplelink_cc32xx_sdk_7_10_00_13\kernel\nortos\lib\ticlang\m4\</path>
         <kind>archive</kind>
         <file>nortos_cc32xx.a</file>
         <name>ClockPSysTick_nortos.c.obj</name>
      </input_file>
      <input_file id="fl-1f">
         <path>C:\ti\simplelink_cc32xx_sdk_7_10_00_13\kernel\nortos\lib\ticlang\m4\</path>
         <kind>archive</kind>
         <file>nortos_cc32xx.a</file>
         <name>HwiPCC32XX_nortos.c.obj</name>
      </input_file>
      <input_file id="fl-20">
         <path>C:\ti\simplelink_cc32xx_sdk_7_10_00_13\kernel\nortos\lib\ticlang\m4\</path>
         <kind>archive</kind>
         <file>nortos_cc32xx.a</file>
         <name>PowerCC32XX_nortos.c.obj</name>
      </input_file>
      <input_file id="fl-21">
         <path>C:\ti\simplelink_cc32xx_sdk_7_10_00_13\kernel\nortos\lib\ticlang\m4\</path>
         <kind>archive</kind>
         <file>nortos_cc32xx.a</file>
         <name>startup_cc32xx_ticlang.c.obj</name>
      </input_file>
      <input_file id="fl-22">
         <path>C:\ti\simplelink_cc32xx_sdk_7_10_00_13\kernel\nortos\lib\ticlang\m4\</path>
         <kind>archive</kind>
         <file>nortos_cc32xx.a</file>
         <name>SwiP_nortos.c.obj</name>
      </input_file>
      <input_file id="fl-23">
         <path>C:\ti\simplelink_cc32xx_sdk_7_10_00_13\source\ti\devices\cc32xx\driverlib\ticlang\Release\</path>
         <kind>archive</kind>
         <file>driverlib.a</file>
         <name>cpu.obj</name>
      </input_file>
      <input_file id="fl-24">
         <path>C:\ti\simplelink_cc32xx_sdk_7_10_00_13\source\ti\devices\cc32xx\driverlib\ticlang\Release\</path>
         <kind>archive</kind>
         <file>driverlib.a</file>
         <name>gpio.obj</name>
      </input_file>
      <input_file id="fl-25">
         <path>C:\ti\simplelink_cc32xx_sdk_7_10_00_13\source\ti\devices\cc32xx\driverlib\ticlang\Release\</path>
         <kind>archive</kind>
         <file>driverlib.a</file>
         <name>hwspinlock.obj</name>
      </input_file>
      <input_file id="fl-26">
         <path>C:\ti\simplelink_cc32xx_sdk_7_10_00_13\source\ti\devices\cc32xx\driverlib\ticlang\Release\</path>
         <kind>archive</kind>
         <file>driverlib.a</file>
         <name>interrupt.obj</name>
      </input_file>
      <input_file id="fl-27">
         <path>C:\ti\simplelink_cc32xx_sdk_7_10_00_13\source\ti\devices\cc32xx\driverlib\ticlang\Release\</path>
         <kind>archive</kind>
         <file>driverlib.a</file>
         <name>pin.obj</name>
      </input_file>
      <input_file id="fl-28">
         <path>C:\ti\simplelink_cc32xx_sdk_7_10_00_13\source\ti\devices\cc32xx\driverlib\ticlang\Release\</path>
         <kind>archive</kind>
         <file>driverlib.a</file>
         <name>prcm.obj</name>
      </input_file>
      <input_file id="fl-29">
         <path>C:\ti\simplelink_cc32xx_sdk_7_10_00_13\source\ti\devices\cc32xx\driverlib\ticlang\Release\</path>
         <kind>archive</kind>
         <file>driverlib.a</file>
         <name>spi.obj</name>
      </input_file>
      <input_file id="fl-2a">
         <path>C:\ti\simplelink_cc32xx_sdk_7_10_00_13\source\ti\devices\cc32xx\driverlib\ticlang\Release\</path>
         <kind>archive</kind>
         <file>driverlib.a</file>
         <name>systick.obj</name>
      </input_file>
      <input_file id="fl-2b">
         <path>C:\ti\simplelink_cc32xx_sdk_7_10_00_13\source\ti\devices\cc32xx\driverlib\ticlang\Release\</path>
         <kind>archive</kind>
         <file>driverlib.a</file>
         <name>uart.obj</name>
      </input_file>
      <input_file id="fl-2c">
         <path>C:\ti\simplelink_cc32xx_sdk_7_10_00_13\source\ti\devices\cc32xx\driverlib\ticlang\Release\</path>
         <kind>archive</kind>
         <file>driverlib.a</file>
         <name>udma.obj</name>
      </input_file>
      <input_file id="fl-2d">
         <path>C:\ti\simplelink_cc32xx_sdk_7_10_00_13\source\ti\devices\cc32xx\driverlib\ticlang\Release\</path>
         <kind>archive</kind>
         <file>driverlib.a</file>
         <name>utils.obj</name>
      </input_file>
      <input_file id="fl-2e">
         <path>C:\ti\simplelink_cc32xx_sdk_7_10_00_13\source\ti\devices\cc32xx\driverlib\ticlang\Release\</path>
         <kind>archive</kind>
         <file>driverlib.a</file>
         <name>flash.obj</name>
      </input_file>
      <input_file id="fl-3b">
         <path>C:\ti\ccs1250\ccs\tools\compiler\ti-cgt-armllvm_3.2.0.LTS\lib\armv7em-ti-none-eabi\c\</path>
         <kind>archive</kind>
         <file>libc.a</file>
         <name>memory.c.obj</name>
      </input_file>
      <input_file id="fl-3c">
         <path>C:\ti\ccs1250\ccs\tools\compiler\ti-cgt-armllvm_3.2.0.LTS\lib\armv7em-ti-none-eabi\c\</path>
         <kind>archive</kind>
         <file>libc.a</file>
         <name>boot_cortex_m.c.obj</name>
      </input_file>
      <input_file id="fl-3d">
         <path>C:\ti\ccs1250\ccs\tools\compiler\ti-cgt-armllvm_3.2.0.LTS\lib\armv7em-ti-none-eabi\c\</path>
         <kind>archive</kind>
         <file>libc.a</file>
         <name>mathacl_init.c.obj</name>
      </input_file>
      <input_file id="fl-3e">
         <path>C:\ti\ccs1250\ccs\tools\compiler\ti-cgt-armllvm_3.2.0.LTS\lib\armv7em-ti-none-eabi\c\</path>
         <kind>archive</kind>
         <file>libc.a</file>
         <name>autoinit.c.obj</name>
      </input_file>
      <input_file id="fl-3f">
         <path>C:\ti\ccs1250\ccs\tools\compiler\ti-cgt-armllvm_3.2.0.LTS\lib\armv7em-ti-none-eabi\c\</path>
         <kind>archive</kind>
         <file>libc.a</file>
         <name>pre_init.c.obj</name>
      </input_file>
      <input_file id="fl-40">
         <path>C:\ti\ccs1250\ccs\tools\compiler\ti-cgt-armllvm_3.2.0.LTS\lib\armv7em-ti-none-eabi\c\</path>
         <kind>archive</kind>
         <file>libc.a</file>
         <name>cpy_tbl.c.obj</name>
      </input_file>
      <input_file id="fl-41">
         <path>C:\ti\ccs1250\ccs\tools\compiler\ti-cgt-armllvm_3.2.0.LTS\lib\armv7em-ti-none-eabi\c\</path>
         <kind>archive</kind>
         <file>libc.a</file>
         <name>copy_zero_init.c.obj</name>
      </input_file>
      <input_file id="fl-42">
         <path>C:\ti\ccs1250\ccs\tools\compiler\ti-cgt-armllvm_3.2.0.LTS\lib\armv7em-ti-none-eabi\c\</path>
         <kind>archive</kind>
         <file>libc.a</file>
         <name>copy_decompress_none.c.obj</name>
      </input_file>
      <input_file id="fl-43">
         <path>C:\ti\ccs1250\ccs\tools\compiler\ti-cgt-armllvm_3.2.0.LTS\lib\armv7em-ti-none-eabi\c\</path>
         <kind>archive</kind>
         <file>libc.a</file>
         <name>copy_decompress_lzss.c.obj</name>
      </input_file>
      <input_file id="fl-44">
         <path>C:\ti\ccs1250\ccs\tools\compiler\ti-cgt-armllvm_3.2.0.LTS\lib\armv7em-ti-none-eabi\c\</path>
         <kind>archive</kind>
         <file>libc.a</file>
         <name>exit.c.obj</name>
      </input_file>
      <input_file id="fl-45">
         <path>C:\ti\ccs1250\ccs\tools\compiler\ti-cgt-armllvm_3.2.0.LTS\lib\armv7em-ti-none-eabi\c\</path>
         <kind>archive</kind>
         <file>libc.a</file>
         <name>_lock.c.obj</name>
      </input_file>
      <input_file id="fl-46">
         <path>C:\ti\ccs1250\ccs\tools\compiler\ti-cgt-armllvm_3.2.0.LTS\lib\armv7em-ti-none-eabi\c\</path>
         <kind>archive</kind>
         <file>libc.a</file>
         <name>args_main.c.obj</name>
      </input_file>
      <input_file id="fl-aa">
         <path>C:\ti\ccs1250\ccs\tools\compiler\ti-cgt-armllvm_3.2.0.LTS\lib\clang\15.0.7\lib\armv7em-ti-none-eabi\</path>
         <kind>archive</kind>
         <file>libclang_rt.builtins.a</file>
         <name>aeabi_memcpy.S.obj</name>
      </input_file>
      <input_file id="fl-ab">
         <path>C:\ti\ccs1250\ccs\tools\compiler\ti-cgt-armllvm_3.2.0.LTS\lib\clang\15.0.7\lib\armv7em-ti-none-eabi\</path>
         <kind>archive</kind>
         <file>libclang_rt.builtins.a</file>
         <name>aeabi_memset.S.obj</name>
      </input_file>
      <input_file id="fl-ac">
         <path>C:\ti\ccs1250\ccs\tools\compiler\ti-cgt-armllvm_3.2.0.LTS\lib\clang\15.0.7\lib\armv7em-ti-none-eabi\</path>
         <kind>archive</kind>
         <file>libclang_rt.builtins.a</file>
         <name>aeabi_uldivmod.S.obj</name>
      </input_file>
      <input_file id="fl-ad">
         <path>C:\ti\ccs1250\ccs\tools\compiler\ti-cgt-armllvm_3.2.0.LTS\lib\clang\15.0.7\lib\armv7em-ti-none-eabi\</path>
         <kind>archive</kind>
         <file>libclang_rt.builtins.a</file>
         <name>udivmoddi4.S.obj</name>
      </input_file>
      <input_file id="fl-ae">
         <path>C:\ti\ccs1250\ccs\tools\compiler\ti-cgt-armllvm_3.2.0.LTS\lib\clang\15.0.7\lib\armv7em-ti-none-eabi\</path>
         <kind>archive</kind>
         <file>libclang_rt.builtins.a</file>
         <name>aeabi_div0.c.obj</name>
      </input_file>
      <input_file id="fl-af">
         <path>C:\ti\ccs1250\ccs\tools\compiler\ti-cgt-armllvm_3.2.0.LTS\lib\armv7em-ti-none-eabi\c\</path>
         <kind>archive</kind>
         <file>libc.a</file>
         <name>memcpy_t2.S.obj</name>
      </input_file>
      <input_file id="fl-b0">
         <path>C:\ti\ccs1250\ccs\tools\compiler\ti-cgt-armllvm_3.2.0.LTS\lib\armv7em-ti-none-eabi\c\</path>
         <kind>archive</kind>
         <file>libc.a</file>
         <name>memset_t2.S.obj</name>
      </input_file>
   </input_file_list>
   <object_component_list>
      <object_component id="oc-d0">
         <name>.text.PRCMCC3200MCUInit</name>
         <load_address>0x2000c040</load_address>
         <readonly>true</readonly>
         <executable>true</executable>
         <run_address>0x2000c040</run_address>
         <size>0x4b8</size>
         <alignment>0x2</alignment>
         <input_file_ref idref="fl-28"/>
      </object_component>
      <object_component id="oc-208">
         <name>.text.Power_sleep</name>
         <load_address>0x2000c4f8</load_address>
         <readonly>true</readonly>
         <executable>true</executable>
         <run_address>0x2000c4f8</run_address>
         <size>0x3e4</size>
         <alignment>0x4</alignment>
         <input_file_ref idref="fl-15"/>
      </object_component>
      <object_component id="oc-167">
         <name>.text.UART2CC32XX_hwiIntFxn</name>
         <load_address>0x2000c8dc</load_address>
         <readonly>true</readonly>
         <executable>true</executable>
         <run_address>0x2000c8dc</run_address>
         <size>0x222</size>
         <alignment>0x2</alignment>
         <input_file_ref idref="fl-18"/>
      </object_component>
      <object_component id="oc-16b">
         <name>.text.UART2_readTimeout</name>
         <load_address>0x2000cafe</load_address>
         <readonly>true</readonly>
         <executable>true</executable>
         <run_address>0x2000cafe</run_address>
         <size>0x1d2</size>
         <alignment>0x2</alignment>
         <input_file_ref idref="fl-17"/>
      </object_component>
      <object_component id="oc-f1">
         <name>.text.UART2_open</name>
         <load_address>0x2000ccd0</load_address>
         <readonly>true</readonly>
         <executable>true</executable>
         <run_address>0x2000ccd0</run_address>
         <size>0x1cc</size>
         <alignment>0x4</alignment>
         <input_file_ref idref="fl-18"/>
      </object_component>
      <object_component id="oc-1ec">
         <name>.text.UART2_writeTimeoutBlocking</name>
         <load_address>0x2000ce9c</load_address>
         <readonly>true</readonly>
         <executable>true</executable>
         <run_address>0x2000ce9c</run_address>
         <size>0x174</size>
         <alignment>0x2</alignment>
         <input_file_ref idref="fl-17"/>
      </object_component>
      <object_component id="oc-187">
         <name>.text.PowerCC32XX_sleepPolicy</name>
         <load_address>0x2000d010</load_address>
         <readonly>true</readonly>
         <executable>true</executable>
         <run_address>0x2000d010</run_address>
         <size>0x150</size>
         <alignment>0x4</alignment>
         <input_file_ref idref="fl-20"/>
      </object_component>
      <object_component id="oc-eb">
         <name>.text.GPIO_setConfig</name>
         <load_address>0x2000d160</load_address>
         <readonly>true</readonly>
         <executable>true</executable>
         <run_address>0x2000d160</run_address>
         <size>0x140</size>
         <alignment>0x4</alignment>
         <input_file_ref idref="fl-14"/>
      </object_component>
      <object_component id="oc-217">
         <name>.text.aligned_alloc</name>
         <load_address>0x2000d2a0</load_address>
         <readonly>true</readonly>
         <executable>true</executable>
         <run_address>0x2000d2a0</run_address>
         <size>0x120</size>
         <alignment>0x4</alignment>
         <input_file_ref idref="fl-3b"/>
      </object_component>
      <object_component id="oc-1eb">
         <name>.text.UART2_writeTimeoutNonblocking</name>
         <load_address>0x2000d3c0</load_address>
         <readonly>true</readonly>
         <executable>true</executable>
         <run_address>0x2000d3c0</run_address>
         <size>0x11a</size>
         <alignment>0x2</alignment>
         <input_file_ref idref="fl-17"/>
      </object_component>
      <object_component id="oc-232">
         <name>.text.uDMAChannelTransferSet</name>
         <load_address>0x2000d4da</load_address>
         <readonly>true</readonly>
         <executable>true</executable>
         <run_address>0x2000d4da</run_address>
         <size>0x112</size>
         <alignment>0x2</alignment>
         <input_file_ref idref="fl-2c"/>
      </object_component>
      <object_component id="oc-18e">
         <name>.text.free</name>
         <load_address>0x2000d5ec</load_address>
         <readonly>true</readonly>
         <executable>true</executable>
         <run_address>0x2000d5ec</run_address>
         <size>0xf0</size>
         <alignment>0x4</alignment>
         <input_file_ref idref="fl-3b"/>
      </object_component>
      <object_component id="oc-162">
         <name>.text.UART2_close</name>
         <load_address>0x2000d6dc</load_address>
         <readonly>true</readonly>
         <executable>true</executable>
         <run_address>0x2000d6dc</run_address>
         <size>0xe8</size>
         <alignment>0x4</alignment>
         <input_file_ref idref="fl-18"/>
      </object_component>
      <object_component id="oc-1e7">
         <name>.text.UART2Support_dmaStartRx</name>
         <load_address>0x2000d7c4</load_address>
         <readonly>true</readonly>
         <executable>true</executable>
         <run_address>0x2000d7c4</run_address>
         <size>0xcc</size>
         <alignment>0x4</alignment>
         <input_file_ref idref="fl-18"/>
      </object_component>
      <object_component id="oc-225">
         <name>.text.IntDisable</name>
         <load_address>0x2000d890</load_address>
         <readonly>true</readonly>
         <executable>true</executable>
         <run_address>0x2000d890</run_address>
         <size>0xc8</size>
         <alignment>0x2</alignment>
         <input_file_ref idref="fl-26"/>
      </object_component>
      <object_component id="oc-1cf">
         <name>.text.IntEnable</name>
         <load_address>0x2000d958</load_address>
         <readonly>true</readonly>
         <executable>true</executable>
         <run_address>0x2000d958</run_address>
         <size>0xc8</size>
         <alignment>0x2</alignment>
         <input_file_ref idref="fl-26"/>
      </object_component>
      <object_component id="oc-15e">
         <name>.text.UART2CC32XX_initHw</name>
         <load_address>0x2000da20</load_address>
         <readonly>true</readonly>
         <executable>true</executable>
         <run_address>0x2000da20</run_address>
         <size>0xc4</size>
         <alignment>0x4</alignment>
         <input_file_ref idref="fl-18"/>
      </object_component>
      <object_component id="oc-1ea">
         <name>.text.UART2Support_dmaStartTx</name>
         <load_address>0x2000dae4</load_address>
         <readonly>true</readonly>
         <executable>true</executable>
         <run_address>0x2000dae4</run_address>
         <size>0xb8</size>
         <alignment>0x4</alignment>
         <input_file_ref idref="fl-18"/>
      </object_component>
      <object_component id="oc-b0">
         <name>.text.mainThread</name>
         <load_address>0x2000db9c</load_address>
         <readonly>true</readonly>
         <executable>true</executable>
         <run_address>0x2000db9c</run_address>
         <size>0xb8</size>
         <alignment>0x4</alignment>
         <input_file_ref idref="fl-2"/>
      </object_component>
      <object_component id="oc-242">
         <name>.text</name>
         <load_address>0x2000dc54</load_address>
         <readonly>true</readonly>
         <executable>true</executable>
         <run_address>0x2000dc54</run_address>
         <size>0xb0</size>
         <alignment>0x4</alignment>
         <input_file_ref idref="fl-ad"/>
      </object_component>
      <object_component id="oc-1a7">
         <name>.text.GPIOIntTypeSet</name>
         <load_address>0x2000dd04</load_address>
         <readonly>true</readonly>
         <executable>true</executable>
         <run_address>0x2000dd04</run_address>
         <size>0xac</size>
         <alignment>0x2</alignment>
         <input_file_ref idref="fl-24"/>
      </object_component>
      <object_component id="oc-277">
         <name>.text.IntPendSet</name>
         <load_address>0x2000ddb0</load_address>
         <readonly>true</readonly>
         <executable>true</executable>
         <run_address>0x2000ddb0</run_address>
         <size>0xa4</size>
         <alignment>0x2</alignment>
         <input_file_ref idref="fl-26"/>
      </object_component>
      <object_component id="oc-13a">
         <name>.text.PinConfigSet</name>
         <load_address>0x2000de54</load_address>
         <readonly>true</readonly>
         <executable>true</executable>
         <run_address>0x2000de54</run_address>
         <size>0xa2</size>
         <alignment>0x2</alignment>
         <input_file_ref idref="fl-27"/>
      </object_component>
      <object_component id="oc-e0">
         <name>.text.Board_initHook</name>
         <load_address>0x2000def6</load_address>
         <readonly>true</readonly>
         <executable>true</executable>
         <run_address>0x2000def6</run_address>
         <size>0x2</size>
         <alignment>0x2</alignment>
         <input_file_ref idref="fl-3"/>
      </object_component>
      <object_component id="oc-12c">
         <name>.text.SemaphoreP_pend</name>
         <load_address>0x2000def8</load_address>
         <readonly>true</readonly>
         <executable>true</executable>
         <run_address>0x2000def8</run_address>
         <size>0x98</size>
         <alignment>0x4</alignment>
         <input_file_ref idref="fl-1d"/>
      </object_component>
      <object_component id="oc-24e">
         <name>.text</name>
         <load_address>0x2000df90</load_address>
         <readonly>true</readonly>
         <executable>true</executable>
         <run_address>0x2000df90</run_address>
         <size>0x96</size>
         <alignment>0x10</alignment>
         <input_file_ref idref="fl-16"/>
      </object_component>
      <object_component id="oc-1c8">
         <name>.text.uDMAChannelAttributeDisable</name>
         <load_address>0x2000e026</load_address>
         <readonly>true</readonly>
         <executable>true</executable>
         <run_address>0x2000e026</run_address>
         <size>0x92</size>
         <alignment>0x2</alignment>
         <input_file_ref idref="fl-2c"/>
      </object_component>
      <object_component id="oc-da">
         <name>.text.GPIO_init</name>
         <load_address>0x2000e0b8</load_address>
         <readonly>true</readonly>
         <executable>true</executable>
         <run_address>0x2000e0b8</run_address>
         <size>0x90</size>
         <alignment>0x4</alignment>
         <input_file_ref idref="fl-14"/>
      </object_component>
      <object_component id="oc-10b">
         <name>.text.PRCMSysResetCauseGet</name>
         <load_address>0x2000e148</load_address>
         <readonly>true</readonly>
         <executable>true</executable>
         <run_address>0x2000e148</run_address>
         <size>0x8e</size>
         <alignment>0x2</alignment>
         <input_file_ref idref="fl-28"/>
      </object_component>
      <object_component id="oc-182">
         <name>.text.PowerCC32XX_initPolicy</name>
         <load_address>0x2000e1d6</load_address>
         <readonly>true</readonly>
         <executable>true</executable>
         <run_address>0x2000e1d6</run_address>
         <size>0x2</size>
         <alignment>0x2</alignment>
         <input_file_ref idref="fl-20"/>
      </object_component>
      <object_component id="oc-11d">
         <name>.text.PowerCC32XX_configureWakeup</name>
         <load_address>0x2000e1d8</load_address>
         <readonly>true</readonly>
         <executable>true</executable>
         <run_address>0x2000e1d8</run_address>
         <size>0x88</size>
         <alignment>0x4</alignment>
         <input_file_ref idref="fl-15"/>
      </object_component>
      <object_component id="oc-d5">
         <name>.text.Power_init</name>
         <load_address>0x2000e260</load_address>
         <readonly>true</readonly>
         <executable>true</executable>
         <run_address>0x2000e260</run_address>
         <size>0x78</size>
         <alignment>0x4</alignment>
         <input_file_ref idref="fl-15"/>
      </object_component>
      <object_component id="oc-160">
         <name>.text.HwiP_construct</name>
         <load_address>0x2000e2d8</load_address>
         <readonly>true</readonly>
         <executable>true</executable>
         <run_address>0x2000e2d8</run_address>
         <size>0x74</size>
         <alignment>0x4</alignment>
         <input_file_ref idref="fl-1f"/>
      </object_component>
      <object_component id="oc-17f">
         <name>.text.PRCMHibernateWakeUpGPIOSelect</name>
         <load_address>0x2000e34c</load_address>
         <readonly>true</readonly>
         <executable>true</executable>
         <run_address>0x2000e34c</run_address>
         <size>0x74</size>
         <alignment>0x2</alignment>
         <input_file_ref idref="fl-28"/>
      </object_component>
      <object_component id="oc-1bd">
         <name>.text.UARTConfigSetExpClk</name>
         <load_address>0x2000e3c0</load_address>
         <readonly>true</readonly>
         <executable>true</executable>
         <run_address>0x2000e3c0</run_address>
         <size>0x74</size>
         <alignment>0x2</alignment>
         <input_file_ref idref="fl-2b"/>
      </object_component>
      <object_component id="oc-18">
         <name>.text:decompress:lzss</name>
         <load_address>0x2000e434</load_address>
         <readonly>true</readonly>
         <executable>true</executable>
         <run_address>0x2000e434</run_address>
         <size>0x70</size>
         <alignment>0x2</alignment>
         <input_file_ref idref="fl-43"/>
      </object_component>
      <object_component id="oc-24c">
         <name>.text.PinLockLevelSet</name>
         <load_address>0x2000e4a4</load_address>
         <readonly>true</readonly>
         <executable>true</executable>
         <run_address>0x2000e4a4</run_address>
         <size>0x6c</size>
         <alignment>0x2</alignment>
         <input_file_ref idref="fl-27"/>
      </object_component>
      <object_component id="oc-13b">
         <name>.text.Power_setDependency</name>
         <load_address>0x2000e510</load_address>
         <readonly>true</readonly>
         <executable>true</executable>
         <run_address>0x2000e510</run_address>
         <size>0x6c</size>
         <alignment>0x4</alignment>
         <input_file_ref idref="fl-15"/>
      </object_component>
      <object_component id="oc-15c">
         <name>.text.UDMACC32XX_open</name>
         <load_address>0x2000e57c</load_address>
         <readonly>true</readonly>
         <executable>true</executable>
         <run_address>0x2000e57c</run_address>
         <size>0x6c</size>
         <alignment>0x4</alignment>
         <input_file_ref idref="fl-1b"/>
      </object_component>
      <object_component id="oc-133">
         <name>.text.powerNotifyFxn</name>
         <load_address>0x2000e5e8</load_address>
         <readonly>true</readonly>
         <executable>true</executable>
         <run_address>0x2000e5e8</run_address>
         <size>0x6c</size>
         <alignment>0x4</alignment>
         <input_file_ref idref="fl-14"/>
      </object_component>
      <object_component id="oc-25c">
         <name>.text.split</name>
         <load_address>0x2000e654</load_address>
         <readonly>true</readonly>
         <executable>true</executable>
         <run_address>0x2000e654</run_address>
         <size>0x6c</size>
         <alignment>0x4</alignment>
         <input_file_ref idref="fl-3b"/>
      </object_component>
      <object_component id="oc-113">
         <name>.text.PRCMPeripheralReset</name>
         <load_address>0x2000e6c0</load_address>
         <readonly>true</readonly>
         <executable>true</executable>
         <run_address>0x2000e6c0</run_address>
         <size>0x6a</size>
         <alignment>0x2</alignment>
         <input_file_ref idref="fl-28"/>
      </object_component>
      <object_component id="oc-1cc">
         <name>.text.IntPendClear</name>
         <load_address>0x2000e72a</load_address>
         <readonly>true</readonly>
         <executable>true</executable>
         <run_address>0x2000e72a</run_address>
         <size>0x68</size>
         <alignment>0x2</alignment>
         <input_file_ref idref="fl-26"/>
      </object_component>
      <object_component id="oc-1d9">
         <name>.text.SemaphoreP_destruct</name>
         <load_address>0x2000e792</load_address>
         <readonly>true</readonly>
         <executable>true</executable>
         <run_address>0x2000e792</run_address>
         <size>0x2</size>
         <alignment>0x2</alignment>
         <input_file_ref idref="fl-1d"/>
      </object_component>
      <object_component id="oc-f7">
         <name>.text.GPIO_write</name>
         <load_address>0x2000e794</load_address>
         <readonly>true</readonly>
         <executable>true</executable>
         <run_address>0x2000e794</run_address>
         <size>0x60</size>
         <alignment>0x4</alignment>
         <input_file_ref idref="fl-14"/>
      </object_component>
      <object_component id="oc-1e9">
         <name>.text.UART2Support_dmaStopTx</name>
         <load_address>0x2000e7f4</load_address>
         <readonly>true</readonly>
         <executable>true</executable>
         <run_address>0x2000e7f4</run_address>
         <size>0x60</size>
         <alignment>0x2</alignment>
         <input_file_ref idref="fl-18"/>
      </object_component>
      <object_component id="oc-272">
         <name>.text.FlashDisable</name>
         <load_address>0x2000e854</load_address>
         <readonly>true</readonly>
         <executable>true</executable>
         <run_address>0x2000e854</run_address>
         <size>0x5c</size>
         <alignment>0x2</alignment>
         <input_file_ref idref="fl-2e"/>
      </object_component>
      <object_component id="oc-181">
         <name>.text.PRCMHibernateWakeupSourceDisable</name>
         <load_address>0x2000e8b0</load_address>
         <readonly>true</readonly>
         <executable>true</executable>
         <run_address>0x2000e8b0</run_address>
         <size>0x5c</size>
         <alignment>0x2</alignment>
         <input_file_ref idref="fl-28"/>
      </object_component>
      <object_component id="oc-112">
         <name>.text.PRCMPeripheralClkEnable</name>
         <load_address>0x2000e90c</load_address>
         <readonly>true</readonly>
         <executable>true</executable>
         <run_address>0x2000e90c</run_address>
         <size>0x5a</size>
         <alignment>0x2</alignment>
         <input_file_ref idref="fl-28"/>
      </object_component>
      <object_component id="oc-165">
         <name>.text.UART2CC32XX_eventCallback</name>
         <load_address>0x2000e966</load_address>
         <readonly>true</readonly>
         <executable>true</executable>
         <run_address>0x2000e966</run_address>
         <size>0x2</size>
         <alignment>0x2</alignment>
         <input_file_ref idref="fl-18"/>
      </object_component>
      <object_component id="oc-222">
         <name>.text.ClockP_startup</name>
         <load_address>0x2000e968</load_address>
         <readonly>true</readonly>
         <executable>true</executable>
         <run_address>0x2000e968</run_address>
         <size>0x58</size>
         <alignment>0x4</alignment>
         <input_file_ref idref="fl-1e"/>
      </object_component>
      <object_component id="oc-1ce">
         <name>.text.IntPrioritySet</name>
         <load_address>0x2000e9c0</load_address>
         <readonly>true</readonly>
         <executable>true</executable>
         <run_address>0x2000e9c0</run_address>
         <size>0x58</size>
         <alignment>0x2</alignment>
         <input_file_ref idref="fl-26"/>
      </object_component>
      <object_component id="oc-258">
         <name>.text.PRCMLPDSEnter</name>
         <load_address>0x2000ea18</load_address>
         <readonly>true</readonly>
         <executable>true</executable>
         <run_address>0x2000ea18</run_address>
         <size>0x56</size>
         <alignment>0x2</alignment>
         <input_file_ref idref="fl-28"/>
      </object_component>
      <object_component id="oc-266">
         <name>.text.__aeabi_ldiv0</name>
         <load_address>0x2000ea6e</load_address>
         <readonly>true</readonly>
         <executable>true</executable>
         <run_address>0x2000ea6e</run_address>
         <size>0x2</size>
         <alignment>0x2</alignment>
         <input_file_ref idref="fl-ae"/>
      </object_component>
      <object_component id="oc-1a1">
         <name>.text.PowerCC32XX_setParkState</name>
         <load_address>0x2000ea70</load_address>
         <readonly>true</readonly>
         <executable>true</executable>
         <run_address>0x2000ea70</run_address>
         <size>0x54</size>
         <alignment>0x4</alignment>
         <input_file_ref idref="fl-15"/>
      </object_component>
      <object_component id="oc-1dc">
         <name>.text.Power_releaseDependency</name>
         <load_address>0x2000eac4</load_address>
         <readonly>true</readonly>
         <executable>true</executable>
         <run_address>0x2000eac4</run_address>
         <size>0x54</size>
         <alignment>0x4</alignment>
         <input_file_ref idref="fl-15"/>
      </object_component>
      <object_component id="oc-149">
         <name>.text.GPIO_hwiIntFxn</name>
         <load_address>0x2000eb18</load_address>
         <readonly>true</readonly>
         <executable>true</executable>
         <run_address>0x2000eb18</run_address>
         <size>0x50</size>
         <alignment>0x4</alignment>
         <input_file_ref idref="fl-14"/>
      </object_component>
      <object_component id="oc-180">
         <name>.text.PRCMHibernateWakeupSourceEnable</name>
         <load_address>0x2000eb68</load_address>
         <readonly>true</readonly>
         <executable>true</executable>
         <run_address>0x2000eb68</run_address>
         <size>0x50</size>
         <alignment>0x2</alignment>
         <input_file_ref idref="fl-28"/>
      </object_component>
      <object_component id="oc-1d3">
         <name>.text.SemaphoreP_construct</name>
         <load_address>0x2000ebb8</load_address>
         <readonly>true</readonly>
         <executable>true</executable>
         <run_address>0x2000ebb8</run_address>
         <size>0x50</size>
         <alignment>0x4</alignment>
         <input_file_ref idref="fl-1d"/>
      </object_component>
      <object_component id="oc-1c7">
         <name>.text.uDMAChannelAssign</name>
         <load_address>0x2000ec08</load_address>
         <readonly>true</readonly>
         <executable>true</executable>
         <run_address>0x2000ec08</run_address>
         <size>0x4e</size>
         <alignment>0x2</alignment>
         <input_file_ref idref="fl-2c"/>
      </object_component>
      <object_component id="oc-16d">
         <name>.text._nop</name>
         <load_address>0x2000ec56</load_address>
         <readonly>true</readonly>
         <executable>true</executable>
         <run_address>0x2000ec56</run_address>
         <size>0x2</size>
         <alignment>0x2</alignment>
         <input_file_ref idref="fl-45"/>
      </object_component>
      <object_component id="oc-144">
         <name>.text.GPIO_setInterruptConfig</name>
         <load_address>0x2000ec58</load_address>
         <readonly>true</readonly>
         <executable>true</executable>
         <run_address>0x2000ec58</run_address>
         <size>0x4c</size>
         <alignment>0x4</alignment>
         <input_file_ref idref="fl-14"/>
      </object_component>
      <object_component id="oc-270">
         <name>.text.PRCMLPDSRestoreInfoSet</name>
         <load_address>0x2000eca4</load_address>
         <readonly>true</readonly>
         <executable>true</executable>
         <run_address>0x2000eca4</run_address>
         <size>0x4c</size>
         <alignment>0x2</alignment>
         <input_file_ref idref="fl-28"/>
      </object_component>
      <object_component id="oc-1e5">
         <name>.text.UART2Support_dmaStopRx</name>
         <load_address>0x2000ecf0</load_address>
         <readonly>true</readonly>
         <executable>true</executable>
         <run_address>0x2000ecf0</run_address>
         <size>0x4a</size>
         <alignment>0x2</alignment>
         <input_file_ref idref="fl-18"/>
      </object_component>
      <object_component id="oc-22c">
         <name>.text.uDMAChannelSizeGet</name>
         <load_address>0x2000ed3a</load_address>
         <readonly>true</readonly>
         <executable>true</executable>
         <run_address>0x2000ed3a</run_address>
         <size>0x4a</size>
         <alignment>0x2</alignment>
         <input_file_ref idref="fl-2c"/>
      </object_component>
      <object_component id="oc-58">
         <name>.text.ClockP_sysTickHandler</name>
         <load_address>0x2000ed84</load_address>
         <readonly>true</readonly>
         <executable>true</executable>
         <run_address>0x2000ed84</run_address>
         <size>0x48</size>
         <alignment>0x4</alignment>
         <input_file_ref idref="fl-1e"/>
      </object_component>
      <object_component id="oc-252">
         <name>.text.PRCMIntEnable</name>
         <load_address>0x2000edcc</load_address>
         <readonly>true</readonly>
         <executable>true</executable>
         <run_address>0x2000edcc</run_address>
         <size>0x48</size>
         <alignment>0x2</alignment>
         <input_file_ref idref="fl-28"/>
      </object_component>
      <object_component id="oc-1a3">
         <name>.text.PRCMPeripheralStatusGet</name>
         <load_address>0x2000ee14</load_address>
         <readonly>true</readonly>
         <executable>true</executable>
         <run_address>0x2000ee14</run_address>
         <size>0x48</size>
         <alignment>0x2</alignment>
         <input_file_ref idref="fl-28"/>
      </object_component>
      <object_component id="oc-26d">
         <name>.text.PinConfigGet</name>
         <load_address>0x2000ee5c</load_address>
         <readonly>true</readonly>
         <executable>true</executable>
         <run_address>0x2000ee5c</run_address>
         <size>0x48</size>
         <alignment>0x2</alignment>
         <input_file_ref idref="fl-27"/>
      </object_component>
      <object_component id="oc-16c">
         <name>.text.UART2_readFull</name>
         <load_address>0x2000eea4</load_address>
         <readonly>true</readonly>
         <executable>true</executable>
         <run_address>0x2000eea4</run_address>
         <size>0x48</size>
         <alignment>0x2</alignment>
         <input_file_ref idref="fl-17"/>
      </object_component>
      <object_component id="oc-257">
         <name>.text.PRCMLPDSEnterKeepDebugIf</name>
         <load_address>0x2000eeec</load_address>
         <readonly>true</readonly>
         <executable>true</executable>
         <run_address>0x2000eeec</run_address>
         <size>0x46</size>
         <alignment>0x2</alignment>
         <input_file_ref idref="fl-28"/>
      </object_component>
      <object_component id="oc-22a">
         <name>.text.RingBuf_put</name>
         <load_address>0x2000ef32</load_address>
         <readonly>true</readonly>
         <executable>true</executable>
         <run_address>0x2000ef32</run_address>
         <size>0x46</size>
         <alignment>0x2</alignment>
         <input_file_ref idref="fl-1a"/>
      </object_component>
      <object_component id="oc-13e">
         <name>.text.GPIODirModeSet</name>
         <load_address>0x2000ef78</load_address>
         <readonly>true</readonly>
         <executable>true</executable>
         <run_address>0x2000ef78</run_address>
         <size>0x44</size>
         <alignment>0x2</alignment>
         <input_file_ref idref="fl-24"/>
      </object_component>
      <object_component id="oc-1a8">
         <name>.text.GPIO_disableInt</name>
         <load_address>0x2000efbc</load_address>
         <readonly>true</readonly>
         <executable>true</executable>
         <run_address>0x2000efbc</run_address>
         <size>0x44</size>
         <alignment>0x4</alignment>
         <input_file_ref idref="fl-14"/>
      </object_component>
      <object_component id="oc-145">
         <name>.text.GPIO_enableInt</name>
         <load_address>0x2000f000</load_address>
         <readonly>true</readonly>
         <executable>true</executable>
         <run_address>0x2000f000</run_address>
         <size>0x44</size>
         <alignment>0x4</alignment>
         <input_file_ref idref="fl-14"/>
      </object_component>
      <object_component id="oc-1e8">
         <name>.text.Power_releaseConstraint</name>
         <load_address>0x2000f044</load_address>
         <readonly>true</readonly>
         <executable>true</executable>
         <run_address>0x2000f044</run_address>
         <size>0x44</size>
         <alignment>0x4</alignment>
         <input_file_ref idref="fl-15"/>
      </object_component>
      <object_component id="oc-7d">
         <name>.text.addToList</name>
         <load_address>0x2000f088</load_address>
         <readonly>true</readonly>
         <executable>true</executable>
         <run_address>0x2000f088</run_address>
         <size>0x44</size>
         <alignment>0x4</alignment>
         <input_file_ref idref="fl-1e"/>
      </object_component>
      <object_component id="oc-11a">
         <name>.text.PinModeSet</name>
         <load_address>0x2000f0cc</load_address>
         <readonly>true</readonly>
         <executable>true</executable>
         <run_address>0x2000f0cc</run_address>
         <size>0x42</size>
         <alignment>0x2</alignment>
         <input_file_ref idref="fl-27"/>
      </object_component>
      <object_component id="oc-1fd">
         <name>.text.getCountsRTC</name>
         <load_address>0x2000f10e</load_address>
         <readonly>true</readonly>
         <executable>true</executable>
         <run_address>0x2000f10e</run_address>
         <size>0x42</size>
         <alignment>0x2</alignment>
         <input_file_ref idref="fl-20"/>
      </object_component>
      <object_component id="oc-12e">
         <name>.text.SemaphoreP_post</name>
         <load_address>0x2000f150</load_address>
         <readonly>true</readonly>
         <executable>true</executable>
         <run_address>0x2000f150</run_address>
         <size>0x40</size>
         <alignment>0x4</alignment>
         <input_file_ref idref="fl-1d"/>
      </object_component>
      <object_component id="oc-231">
         <name>.text.uDMAChannelControlSet</name>
         <load_address>0x2000f190</load_address>
         <readonly>true</readonly>
         <executable>true</executable>
         <run_address>0x2000f190</run_address>
         <size>0x40</size>
         <alignment>0x2</alignment>
         <input_file_ref idref="fl-2c"/>
      </object_component>
      <object_component id="oc-26f">
         <name>.text.PinDirModeSet</name>
         <load_address>0x2000f1d0</load_address>
         <readonly>true</readonly>
         <executable>true</executable>
         <run_address>0x2000f1d0</run_address>
         <size>0x3e</size>
         <alignment>0x2</alignment>
         <input_file_ref idref="fl-27"/>
      </object_component>
      <object_component id="oc-57">
         <name>.text.busFaultHandler</name>
         <load_address>0x2000f20e</load_address>
         <readonly>true</readonly>
         <executable>true</executable>
         <run_address>0x2000f20e</run_address>
         <size>0x2</size>
         <alignment>0x2</alignment>
         <input_file_ref idref="fl-21"/>
      </object_component>
      <object_component id="oc-214">
         <name>.text.ClockP_stop</name>
         <load_address>0x2000f210</load_address>
         <readonly>true</readonly>
         <executable>true</executable>
         <run_address>0x2000f210</run_address>
         <size>0x3c</size>
         <alignment>0x4</alignment>
         <input_file_ref idref="fl-1e"/>
      </object_component>
      <object_component id="oc-157">
         <name>.text.UDMACC32XX_init</name>
         <load_address>0x2000f24c</load_address>
         <readonly>true</readonly>
         <executable>true</executable>
         <run_address>0x2000f24c</run_address>
         <size>0x3c</size>
         <alignment>0x4</alignment>
         <input_file_ref idref="fl-1b"/>
      </object_component>
      <object_component id="oc-194">
         <name>.text.ClockP_destruct</name>
         <load_address>0x2000f288</load_address>
         <readonly>true</readonly>
         <executable>true</executable>
         <run_address>0x2000f288</run_address>
         <size>0x38</size>
         <alignment>0x4</alignment>
         <input_file_ref idref="fl-1e"/>
      </object_component>
      <object_component id="oc-235">
         <name>.text.Power_setConstraint</name>
         <load_address>0x2000f2c0</load_address>
         <readonly>true</readonly>
         <executable>true</executable>
         <run_address>0x2000f2c0</run_address>
         <size>0x38</size>
         <alignment>0x4</alignment>
         <input_file_ref idref="fl-15"/>
      </object_component>
      <object_component id="oc-22e">
         <name>.text.RingBuf_putAdvance</name>
         <load_address>0x2000f2f8</load_address>
         <readonly>true</readonly>
         <executable>true</executable>
         <run_address>0x2000f2f8</run_address>
         <size>0x38</size>
         <alignment>0x2</alignment>
         <input_file_ref idref="fl-1a"/>
      </object_component>
      <object_component id="oc-20e">
         <name>.text.SwiP_restore</name>
         <load_address>0x2000f330</load_address>
         <readonly>true</readonly>
         <executable>true</executable>
         <run_address>0x2000f330</run_address>
         <size>0x38</size>
         <alignment>0x4</alignment>
         <input_file_ref idref="fl-22"/>
      </object_component>
      <object_component id="oc-1ee">
         <name>.text.UART2_rxEnable</name>
         <load_address>0x2000f368</load_address>
         <readonly>true</readonly>
         <executable>true</executable>
         <run_address>0x2000f368</run_address>
         <size>0x38</size>
         <alignment>0x2</alignment>
         <input_file_ref idref="fl-17"/>
      </object_component>
      <object_component id="oc-1da">
         <name>.text.UDMACC32XX_close</name>
         <load_address>0x2000f3a0</load_address>
         <readonly>true</readonly>
         <executable>true</executable>
         <run_address>0x2000f3a0</run_address>
         <size>0x38</size>
         <alignment>0x4</alignment>
         <input_file_ref idref="fl-1b"/>
      </object_component>
      <object_component id="oc-bd">
         <name>.text:__TI_auto_init_nobinit_nopinit</name>
         <load_address>0x2000f3d8</load_address>
         <readonly>true</readonly>
         <executable>true</executable>
         <run_address>0x2000f3d8</run_address>
         <size>0x38</size>
         <alignment>0x4</alignment>
         <input_file_ref idref="fl-3e"/>
      </object_component>
      <object_component id="oc-24d">
         <name>.text.PinLock</name>
         <load_address>0x2000f410</load_address>
         <readonly>true</readonly>
         <executable>true</executable>
         <run_address>0x2000f410</run_address>
         <size>0x36</size>
         <alignment>0x2</alignment>
         <input_file_ref idref="fl-27"/>
      </object_component>
      <object_component id="oc-264">
         <name>.text.UARTCharPutNonBlocking</name>
         <load_address>0x2000f446</load_address>
         <readonly>true</readonly>
         <executable>true</executable>
         <run_address>0x2000f446</run_address>
         <size>0x36</size>
         <alignment>0x2</alignment>
         <input_file_ref idref="fl-2b"/>
      </object_component>
      <object_component id="oc-191">
         <name>.text.ClockP_start</name>
         <load_address>0x2000f47c</load_address>
         <readonly>true</readonly>
         <executable>true</executable>
         <run_address>0x2000f47c</run_address>
         <size>0x34</size>
         <alignment>0x4</alignment>
         <input_file_ref idref="fl-1e"/>
      </object_component>
      <object_component id="oc-26e">
         <name>.text.PinDirModeGet</name>
         <load_address>0x2000f4b0</load_address>
         <readonly>true</readonly>
         <executable>true</executable>
         <run_address>0x2000f4b0</run_address>
         <size>0x34</size>
         <alignment>0x2</alignment>
         <input_file_ref idref="fl-27"/>
      </object_component>
      <object_component id="oc-115">
         <name>.text.PinModeGet</name>
         <load_address>0x2000f4e4</load_address>
         <readonly>true</readonly>
         <executable>true</executable>
         <run_address>0x2000f4e4</run_address>
         <size>0x34</size>
         <alignment>0x2</alignment>
         <input_file_ref idref="fl-27"/>
      </object_component>
      <object_component id="oc-24b">
         <name>.text.PowerCC32XX_parkPin</name>
         <load_address>0x2000f518</load_address>
         <readonly>true</readonly>
         <executable>true</executable>
         <run_address>0x2000f518</run_address>
         <size>0x34</size>
         <alignment>0x2</alignment>
         <input_file_ref idref="fl-15"/>
      </object_component>
      <object_component id="oc-1d6">
         <name>.text.UART2_rxDisable</name>
         <load_address>0x2000f54c</load_address>
         <readonly>true</readonly>
         <executable>true</executable>
         <run_address>0x2000f54c</run_address>
         <size>0x34</size>
         <alignment>0x2</alignment>
         <input_file_ref idref="fl-17"/>
      </object_component>
      <object_component id="oc-4f">
         <name>.text.initVectors</name>
         <load_address>0x2000f580</load_address>
         <readonly>true</readonly>
         <executable>true</executable>
         <run_address>0x2000f580</run_address>
         <size>0x34</size>
         <alignment>0x4</alignment>
         <input_file_ref idref="fl-21"/>
      </object_component>
      <object_component id="oc-23b">
         <name>.text.UART2Support_enableInts</name>
         <load_address>0x2000f5b4</load_address>
         <readonly>true</readonly>
         <executable>true</executable>
         <run_address>0x2000f5b4</run_address>
         <size>0x32</size>
         <alignment>0x2</alignment>
         <input_file_ref idref="fl-18"/>
      </object_component>
      <object_component id="oc-195">
         <name>.text.clkFxn</name>
         <load_address>0x2000f5e6</load_address>
         <readonly>true</readonly>
         <executable>true</executable>
         <run_address>0x2000f5e6</run_address>
         <size>0x2</size>
         <alignment>0x2</alignment>
         <input_file_ref idref="fl-1d"/>
      </object_component>
      <object_component id="oc-1fa">
         <name>.text.ClockP_getTicksUntilInterrupt</name>
         <load_address>0x2000f5e8</load_address>
         <readonly>true</readonly>
         <executable>true</executable>
         <run_address>0x2000f5e8</run_address>
         <size>0x30</size>
         <alignment>0x4</alignment>
         <input_file_ref idref="fl-1e"/>
      </object_component>
      <object_component id="oc-207">
         <name>.text.PRCMLPDSIntervalSet</name>
         <load_address>0x2000f618</load_address>
         <readonly>true</readonly>
         <executable>true</executable>
         <run_address>0x2000f618</run_address>
         <size>0x30</size>
         <alignment>0x2</alignment>
         <input_file_ref idref="fl-28"/>
      </object_component>
      <object_component id="oc-241">
         <name>.text.PRCMSlowClkCtrFastGet</name>
         <load_address>0x2000f648</load_address>
         <readonly>true</readonly>
         <executable>true</executable>
         <run_address>0x2000f648</run_address>
         <size>0x30</size>
         <alignment>0x2</alignment>
         <input_file_ref idref="fl-28"/>
      </object_component>
      <object_component id="oc-249">
         <name>.text.notify</name>
         <load_address>0x2000f678</load_address>
         <readonly>true</readonly>
         <executable>true</executable>
         <run_address>0x2000f678</run_address>
         <size>0x30</size>
         <alignment>0x4</alignment>
         <input_file_ref idref="fl-15"/>
      </object_component>
      <object_component id="oc-1ab">
         <name>.text.GPIOIntStatus</name>
         <load_address>0x2000f6a8</load_address>
         <readonly>true</readonly>
         <executable>true</executable>
         <run_address>0x2000f6a8</run_address>
         <size>0x2e</size>
         <alignment>0x2</alignment>
         <input_file_ref idref="fl-24"/>
      </object_component>
      <object_component id="oc-1f0">
         <name>.text.RingBuf_getConsume</name>
         <load_address>0x2000f6d6</load_address>
         <readonly>true</readonly>
         <executable>true</executable>
         <run_address>0x2000f6d6</run_address>
         <size>0x2e</size>
         <alignment>0x2</alignment>
         <input_file_ref idref="fl-1a"/>
      </object_component>
      <object_component id="oc-230">
         <name>.text.RingBuf_putPointer</name>
         <load_address>0x2000f704</load_address>
         <readonly>true</readonly>
         <executable>true</executable>
         <run_address>0x2000f704</run_address>
         <size>0x2e</size>
         <alignment>0x2</alignment>
         <input_file_ref idref="fl-1a"/>
      </object_component>
      <object_component id="oc-1d7">
         <name>.text.UARTDisable</name>
         <load_address>0x2000f732</load_address>
         <readonly>true</readonly>
         <executable>true</executable>
         <run_address>0x2000f732</run_address>
         <size>0x2e</size>
         <alignment>0x2</alignment>
         <input_file_ref idref="fl-2b"/>
      </object_component>
      <object_component id="oc-1e2">
         <name>.text.UART2CC32XX_getRxData</name>
         <load_address>0x2000f760</load_address>
         <readonly>true</readonly>
         <executable>true</executable>
         <run_address>0x2000f760</run_address>
         <size>0x2c</size>
         <alignment>0x2</alignment>
         <input_file_ref idref="fl-18"/>
      </object_component>
      <object_component id="oc-13d">
         <name>.text.HwiP_create</name>
         <load_address>0x2000f78c</load_address>
         <readonly>true</readonly>
         <executable>true</executable>
         <run_address>0x2000f78c</run_address>
         <size>0x2a</size>
         <alignment>0x2</alignment>
         <input_file_ref idref="fl-1f"/>
      </object_component>
      <object_component id="oc-17e">
         <name>.text.PRCMLPDSWakeUpGPIOSelect</name>
         <load_address>0x2000f7b6</load_address>
         <readonly>true</readonly>
         <executable>true</executable>
         <run_address>0x2000f7b6</run_address>
         <size>0x2a</size>
         <alignment>0x2</alignment>
         <input_file_ref idref="fl-28"/>
      </object_component>
      <object_component id="oc-114">
         <name>.text.PRCMPeripheralClkDisable</name>
         <load_address>0x2000f7e0</load_address>
         <readonly>true</readonly>
         <executable>true</executable>
         <run_address>0x2000f7e0</run_address>
         <size>0x2a</size>
         <alignment>0x2</alignment>
         <input_file_ref idref="fl-28"/>
      </object_component>
      <object_component id="oc-1e1">
         <name>.text.UARTIntStatus</name>
         <load_address>0x2000f80a</load_address>
         <readonly>true</readonly>
         <executable>true</executable>
         <run_address>0x2000f80a</run_address>
         <size>0x2a</size>
         <alignment>0x2</alignment>
         <input_file_ref idref="fl-2b"/>
      </object_component>
      <object_component id="oc-227">
         <name>.text.List_remove</name>
         <load_address>0x2000f834</load_address>
         <readonly>true</readonly>
         <executable>true</executable>
         <run_address>0x2000f834</run_address>
         <size>0x28</size>
         <alignment>0x2</alignment>
         <input_file_ref idref="fl-19"/>
      </object_component>
      <object_component id="oc-24a">
         <name>.text.PRCMSRAMRetentionEnable</name>
         <load_address>0x2000f85c</load_address>
         <readonly>true</readonly>
         <executable>true</executable>
         <run_address>0x2000f85c</run_address>
         <size>0x28</size>
         <alignment>0x2</alignment>
         <input_file_ref idref="fl-28"/>
      </object_component>
      <object_component id="oc-155">
         <name>.text.PowerCC32XX_getParkState</name>
         <load_address>0x2000f884</load_address>
         <readonly>true</readonly>
         <executable>true</executable>
         <run_address>0x2000f884</run_address>
         <size>0x28</size>
         <alignment>0x4</alignment>
         <input_file_ref idref="fl-15"/>
      </object_component>
      <object_component id="oc-213">
         <name>.text.free_list_insert</name>
         <load_address>0x2000f8ac</load_address>
         <readonly>true</readonly>
         <executable>true</executable>
         <run_address>0x2000f8ac</run_address>
         <size>0x28</size>
         <alignment>0x4</alignment>
         <input_file_ref idref="fl-3b"/>
      </object_component>
      <object_component id="oc-226">
         <name>.text.IntUnregister</name>
         <load_address>0x2000f8d4</load_address>
         <readonly>true</readonly>
         <executable>true</executable>
         <run_address>0x2000f8d4</run_address>
         <size>0x24</size>
         <alignment>0x2</alignment>
         <input_file_ref idref="fl-26"/>
      </object_component>
      <object_component id="oc-196">
         <name>.text.List_put</name>
         <load_address>0x2000f8f8</load_address>
         <readonly>true</readonly>
         <executable>true</executable>
         <run_address>0x2000f8f8</run_address>
         <size>0x24</size>
         <alignment>0x2</alignment>
         <input_file_ref idref="fl-19"/>
      </object_component>
      <object_component id="oc-17c">
         <name>.text.PRCMLPDSWakeupSourceEnable</name>
         <load_address>0x2000f91c</load_address>
         <readonly>true</readonly>
         <executable>true</executable>
         <run_address>0x2000f91c</run_address>
         <size>0x24</size>
         <alignment>0x2</alignment>
         <input_file_ref idref="fl-28"/>
      </object_component>
      <object_component id="oc-1dd">
         <name>.text.PowerCC32XX_restoreParkState</name>
         <load_address>0x2000f940</load_address>
         <readonly>true</readonly>
         <executable>true</executable>
         <run_address>0x2000f940</run_address>
         <size>0x24</size>
         <alignment>0x4</alignment>
         <input_file_ref idref="fl-15"/>
      </object_component>
      <object_component id="oc-254">
         <name>.text.PowerCC32XX_restoreParkedPin</name>
         <load_address>0x2000f964</load_address>
         <readonly>true</readonly>
         <executable>true</executable>
         <run_address>0x2000f964</run_address>
         <size>0x24</size>
         <alignment>0x2</alignment>
         <input_file_ref idref="fl-15"/>
      </object_component>
      <object_component id="oc-12d">
         <name>.text.Power_registerNotify</name>
         <load_address>0x2000f988</load_address>
         <readonly>true</readonly>
         <executable>true</executable>
         <run_address>0x2000f988</run_address>
         <size>0x24</size>
         <alignment>0x4</alignment>
         <input_file_ref idref="fl-15"/>
      </object_component>
      <object_component id="oc-223">
         <name>.text.UART2Support_disableRx</name>
         <load_address>0x2000f9ac</load_address>
         <readonly>true</readonly>
         <executable>true</executable>
         <run_address>0x2000f9ac</run_address>
         <size>0x24</size>
         <alignment>0x2</alignment>
         <input_file_ref idref="fl-18"/>
      </object_component>
      <object_component id="oc-76">
         <name>.text:_c_int00_noargs</name>
         <load_address>0x2000f9d0</load_address>
         <readonly>true</readonly>
         <executable>true</executable>
         <run_address>0x2000f9d0</run_address>
         <size>0x24</size>
         <alignment>0x4</alignment>
         <input_file_ref idref="fl-3c"/>
      </object_component>
      <object_component id="oc-143">
         <name>.text.GPIOPinWrite</name>
         <load_address>0x2000f9f4</load_address>
         <readonly>true</readonly>
         <executable>true</executable>
         <run_address>0x2000f9f4</run_address>
         <size>0x22</size>
         <alignment>0x2</alignment>
         <input_file_ref idref="fl-24"/>
      </object_component>
      <object_component id="oc-253">
         <name>.text.PinUnlock</name>
         <load_address>0x2000fa16</load_address>
         <readonly>true</readonly>
         <executable>true</executable>
         <run_address>0x2000fa16</run_address>
         <size>0x22</size>
         <alignment>0x2</alignment>
         <input_file_ref idref="fl-27"/>
      </object_component>
      <object_component id="oc-1ef">
         <name>.text.RingBuf_getPointer</name>
         <load_address>0x2000fa38</load_address>
         <readonly>true</readonly>
         <executable>true</executable>
         <run_address>0x2000fa38</run_address>
         <size>0x22</size>
         <alignment>0x2</alignment>
         <input_file_ref idref="fl-1a"/>
      </object_component>
      <object_component id="oc-238">
         <name>.text.UART2Support_sendData</name>
         <load_address>0x2000fa5a</load_address>
         <readonly>true</readonly>
         <executable>true</executable>
         <run_address>0x2000fa5a</run_address>
         <size>0x22</size>
         <alignment>0x2</alignment>
         <input_file_ref idref="fl-18"/>
      </object_component>
      <object_component id="oc-fa">
         <name>.text.UART2_read</name>
         <load_address>0x2000fa7c</load_address>
         <readonly>true</readonly>
         <executable>true</executable>
         <run_address>0x2000fa7c</run_address>
         <size>0x22</size>
         <alignment>0x2</alignment>
         <input_file_ref idref="fl-17"/>
      </object_component>
      <object_component id="oc-1cd">
         <name>.text.IntRegister</name>
         <load_address>0x2000fa9e</load_address>
         <readonly>true</readonly>
         <executable>true</executable>
         <run_address>0x2000fa9e</run_address>
         <size>0x20</size>
         <alignment>0x2</alignment>
         <input_file_ref idref="fl-26"/>
      </object_component>
      <object_component id="oc-56">
         <name>.text.defaultHandler</name>
         <load_address>0x2000fabe</load_address>
         <readonly>true</readonly>
         <executable>true</executable>
         <run_address>0x2000fabe</run_address>
         <size>0x2</size>
         <alignment>0x2</alignment>
         <input_file_ref idref="fl-21"/>
      </object_component>
      <object_component id="oc-14d">
         <name>.text.PowerCC32XX_reset</name>
         <load_address>0x2000fac0</load_address>
         <readonly>true</readonly>
         <executable>true</executable>
         <run_address>0x2000fac0</run_address>
         <size>0x20</size>
         <alignment>0x4</alignment>
         <input_file_ref idref="fl-15"/>
      </object_component>
      <object_component id="oc-1db">
         <name>.text.Power_unregisterNotify</name>
         <load_address>0x2000fae0</load_address>
         <readonly>true</readonly>
         <executable>true</executable>
         <run_address>0x2000fae0</run_address>
         <size>0x20</size>
         <alignment>0x4</alignment>
         <input_file_ref idref="fl-15"/>
      </object_component>
      <object_component id="oc-161">
         <name>.text.SemaphoreP_constructBinary</name>
         <load_address>0x2000fb00</load_address>
         <readonly>true</readonly>
         <executable>true</executable>
         <run_address>0x2000fb00</run_address>
         <size>0x20</size>
         <alignment>0x4</alignment>
         <input_file_ref idref="fl-1d"/>
      </object_component>
      <object_component id="oc-123">
         <name>.text.SemaphoreP_createBinary</name>
         <load_address>0x2000fb20</load_address>
         <readonly>true</readonly>
         <executable>true</executable>
         <run_address>0x2000fb20</run_address>
         <size>0x20</size>
         <alignment>0x4</alignment>
         <input_file_ref idref="fl-1d"/>
      </object_component>
      <object_component id="oc-1af">
         <name>.text.PinTypeUART</name>
         <load_address>0x2000fb40</load_address>
         <readonly>true</readonly>
         <executable>true</executable>
         <run_address>0x2000fb40</run_address>
         <size>0x1e</size>
         <alignment>0x2</alignment>
         <input_file_ref idref="fl-27"/>
      </object_component>
      <object_component id="oc-16a">
         <name>.text.UART2_writeTimeout</name>
         <load_address>0x2000fb5e</load_address>
         <readonly>true</readonly>
         <executable>true</executable>
         <run_address>0x2000fb5e</run_address>
         <size>0x1e</size>
         <alignment>0x2</alignment>
         <input_file_ref idref="fl-17"/>
      </object_component>
      <object_component id="oc-1c3">
         <name>.text.UARTEnable</name>
         <load_address>0x2000fb7c</load_address>
         <readonly>true</readonly>
         <executable>true</executable>
         <run_address>0x2000fb7c</run_address>
         <size>0x1e</size>
         <alignment>0x2</alignment>
         <input_file_ref idref="fl-2b"/>
      </object_component>
      <object_component id="oc-22b">
         <name>.text.uDMAChannelDisable</name>
         <load_address>0x2000fb9a</load_address>
         <readonly>true</readonly>
         <executable>true</executable>
         <run_address>0x2000fb9a</run_address>
         <size>0x1e</size>
         <alignment>0x2</alignment>
         <input_file_ref idref="fl-2c"/>
      </object_component>
      <object_component id="oc-233">
         <name>.text.uDMAChannelEnable</name>
         <load_address>0x2000fbb8</load_address>
         <readonly>true</readonly>
         <executable>true</executable>
         <run_address>0x2000fbb8</run_address>
         <size>0x1e</size>
         <alignment>0x2</alignment>
         <input_file_ref idref="fl-2c"/>
      </object_component>
      <object_component id="oc-1e4">
         <name>.text.uDMAChannelIsEnabled</name>
         <load_address>0x2000fbd6</load_address>
         <readonly>true</readonly>
         <executable>true</executable>
         <run_address>0x2000fbd6</run_address>
         <size>0x1e</size>
         <alignment>0x2</alignment>
         <input_file_ref idref="fl-2c"/>
      </object_component>
      <object_component id="oc-1d2">
         <name>.text.HwiP_dispatch</name>
         <load_address>0x2000fbf4</load_address>
         <readonly>true</readonly>
         <executable>true</executable>
         <run_address>0x2000fbf4</run_address>
         <size>0x1c</size>
         <alignment>0x4</alignment>
         <input_file_ref idref="fl-1f"/>
      </object_component>
      <object_component id="oc-1f3">
         <name>.text.SwiP_disable</name>
         <load_address>0x2000fc10</load_address>
         <readonly>true</readonly>
         <executable>true</executable>
         <run_address>0x2000fc10</run_address>
         <size>0x1c</size>
         <alignment>0x4</alignment>
         <input_file_ref idref="fl-22"/>
      </object_component>
      <object_component id="oc-212">
         <name>.text.free_list_remove</name>
         <load_address>0x2000fc2c</load_address>
         <readonly>true</readonly>
         <executable>true</executable>
         <run_address>0x2000fc2c</run_address>
         <size>0x1c</size>
         <alignment>0x4</alignment>
         <input_file_ref idref="fl-3b"/>
      </object_component>
      <object_component id="oc-21">
         <name>.text.resetISR</name>
         <load_address>0x2000fc48</load_address>
         <readonly>true</readonly>
         <executable>true</executable>
         <run_address>0x2000fc48</run_address>
         <size>0x1c</size>
         <alignment>0x2</alignment>
         <input_file_ref idref="fl-21"/>
      </object_component>
      <object_component id="oc-218">
         <name>.text.GPIOIntDisable</name>
         <load_address>0x2000fc64</load_address>
         <readonly>true</readonly>
         <executable>true</executable>
         <run_address>0x2000fc64</run_address>
         <size>0x1a</size>
         <alignment>0x2</alignment>
         <input_file_ref idref="fl-24"/>
      </object_component>
      <object_component id="oc-111">
         <name>.text.PRCMHIBRegRead</name>
         <load_address>0x2000fc7e</load_address>
         <readonly>true</readonly>
         <executable>true</executable>
         <run_address>0x2000fc7e</run_address>
         <size>0x1a</size>
         <alignment>0x2</alignment>
         <input_file_ref idref="fl-28"/>
      </object_component>
      <object_component id="oc-110">
         <name>.text.PRCMHIBRegWrite</name>
         <load_address>0x2000fc98</load_address>
         <readonly>true</readonly>
         <executable>true</executable>
         <run_address>0x2000fc98</run_address>
         <size>0x1a</size>
         <alignment>0x2</alignment>
         <input_file_ref idref="fl-28"/>
      </object_component>
      <object_component id="oc-17d">
         <name>.text.PRCMLPDSWakeupSourceDisable</name>
         <load_address>0x2000fcb2</load_address>
         <readonly>true</readonly>
         <executable>true</executable>
         <run_address>0x2000fcb2</run_address>
         <size>0x1a</size>
         <alignment>0x2</alignment>
         <input_file_ref idref="fl-28"/>
      </object_component>
      <object_component id="oc-1de">
         <name>.text.PinToPadGet</name>
         <load_address>0x2000fccc</load_address>
         <readonly>true</readonly>
         <executable>true</executable>
         <run_address>0x2000fccc</run_address>
         <size>0x1a</size>
         <alignment>0x2</alignment>
         <input_file_ref idref="fl-27"/>
      </object_component>
      <object_component id="oc-1c6">
         <name>.text.UARTFlowControlSet</name>
         <load_address>0x2000fce6</load_address>
         <readonly>true</readonly>
         <executable>true</executable>
         <run_address>0x2000fce6</run_address>
         <size>0x1a</size>
         <alignment>0x2</alignment>
         <input_file_ref idref="fl-2b"/>
      </object_component>
      <object_component id="oc-1aa">
         <name>.text.GPIOIntEnable</name>
         <load_address>0x2000fd00</load_address>
         <readonly>true</readonly>
         <executable>true</executable>
         <run_address>0x2000fd00</run_address>
         <size>0x18</size>
         <alignment>0x2</alignment>
         <input_file_ref idref="fl-24"/>
      </object_component>
      <object_component id="oc-18a">
         <name>.text.SemaphoreP_create</name>
         <load_address>0x2000fd18</load_address>
         <readonly>true</readonly>
         <executable>true</executable>
         <run_address>0x2000fd18</run_address>
         <size>0x18</size>
         <alignment>0x2</alignment>
         <input_file_ref idref="fl-1d"/>
      </object_component>
      <object_component id="oc-a6">
         <name>.text.Board_init</name>
         <load_address>0x2000fd30</load_address>
         <readonly>true</readonly>
         <executable>true</executable>
         <run_address>0x2000fd30</run_address>
         <size>0x16</size>
         <alignment>0x2</alignment>
         <input_file_ref idref="fl-3"/>
      </object_component>
      <object_component id="oc-20a">
         <name>.text.SysTickPeriodSet</name>
         <load_address>0x2000fd46</load_address>
         <readonly>true</readonly>
         <executable>true</executable>
         <run_address>0x2000fd46</run_address>
         <size>0x16</size>
         <alignment>0x2</alignment>
         <input_file_ref idref="fl-2a"/>
      </object_component>
      <object_component id="oc-1e6">
         <name>.text.UARTCharsAvail</name>
         <load_address>0x2000fd5c</load_address>
         <readonly>true</readonly>
         <executable>true</executable>
         <run_address>0x2000fd5c</run_address>
         <size>0x16</size>
         <alignment>0x2</alignment>
         <input_file_ref idref="fl-2b"/>
      </object_component>
      <object_component id="oc-1d5">
         <name>.text.UARTDMADisable</name>
         <load_address>0x2000fd72</load_address>
         <readonly>true</readonly>
         <executable>true</executable>
         <run_address>0x2000fd72</run_address>
         <size>0x16</size>
         <alignment>0x2</alignment>
         <input_file_ref idref="fl-2b"/>
      </object_component>
      <object_component id="oc-1c5">
         <name>.text.UARTFIFOLevelSet</name>
         <load_address>0x2000fd88</load_address>
         <readonly>true</readonly>
         <executable>true</executable>
         <run_address>0x2000fd88</run_address>
         <size>0x16</size>
         <alignment>0x2</alignment>
         <input_file_ref idref="fl-2b"/>
      </object_component>
      <object_component id="oc-1d4">
         <name>.text.UARTIntDisable</name>
         <load_address>0x2000fd9e</load_address>
         <readonly>true</readonly>
         <executable>true</executable>
         <run_address>0x2000fd9e</run_address>
         <size>0x16</size>
         <alignment>0x2</alignment>
         <input_file_ref idref="fl-2b"/>
      </object_component>
      <object_component id="oc-6c">
         <name>.text.CPUcpsid</name>
         <load_address>0x2000fdb4</load_address>
         <readonly>true</readonly>
         <executable>true</executable>
         <run_address>0x2000fdb4</run_address>
         <size>0x14</size>
         <alignment>0x2</alignment>
         <input_file_ref idref="fl-23"/>
      </object_component>
      <object_component id="oc-1a2">
         <name>.text.CPUcpsie</name>
         <load_address>0x2000fdc8</load_address>
         <readonly>true</readonly>
         <executable>true</executable>
         <run_address>0x2000fdc8</run_address>
         <size>0x14</size>
         <alignment>0x2</alignment>
         <input_file_ref idref="fl-23"/>
      </object_component>
      <object_component id="oc-1d8">
         <name>.text.HwiP_destruct</name>
         <load_address>0x2000fddc</load_address>
         <readonly>true</readonly>
         <executable>true</executable>
         <run_address>0x2000fddc</run_address>
         <size>0x14</size>
         <alignment>0x2</alignment>
         <input_file_ref idref="fl-1f"/>
      </object_component>
      <object_component id="oc-73">
         <name>.text.IntVTableBaseSet</name>
         <load_address>0x2000fdf0</load_address>
         <readonly>true</readonly>
         <executable>true</executable>
         <run_address>0x2000fdf0</run_address>
         <size>0x14</size>
         <alignment>0x2</alignment>
         <input_file_ref idref="fl-26"/>
      </object_component>
      <object_component id="oc-19d">
         <name>.text.Power_disablePolicy</name>
         <load_address>0x2000fe04</load_address>
         <readonly>true</readonly>
         <executable>true</executable>
         <run_address>0x2000fe04</run_address>
         <size>0x14</size>
         <alignment>0x4</alignment>
         <input_file_ref idref="fl-15"/>
      </object_component>
      <object_component id="oc-1fb">
         <name>.text.Power_getTransitionLatency</name>
         <load_address>0x2000fe18</load_address>
         <readonly>true</readonly>
         <executable>true</executable>
         <run_address>0x2000fe18</run_address>
         <size>0x14</size>
         <alignment>0x4</alignment>
         <input_file_ref idref="fl-15"/>
      </object_component>
      <object_component id="oc-211">
         <name>.text.Power_idleFunc</name>
         <load_address>0x2000fe2c</load_address>
         <readonly>true</readonly>
         <executable>true</executable>
[...]
         <value>0x200100c1</value>
         <object_component_ref idref="oc-263"/>
      </symbol>
      <symbol id="sm-2d2">
         <name>CPUwfi</name>
         <value>0x20010049</value>
         <object_component_ref idref="oc-259"/>
      </symbol>
      <symbol id="sm-30b">
         <name>GPIODirModeSet</name>
         <value>0x2000ef79</value>
         <object_component_ref idref="oc-13e"/>
      </symbol>
      <symbol id="sm-30c">
         <name>GPIOIntClear</name>
         <value>0x2000feb7</value>
         <object_component_ref idref="oc-1a9"/>
      </symbol>
      <symbol id="sm-30d">
         <name>GPIOIntDisable</name>
         <value>0x2000fc65</value>
         <object_component_ref idref="oc-218"/>
      </symbol>
      <symbol id="sm-30e">
         <name>GPIOIntEnable</name>
         <value>0x2000fd01</value>
         <object_component_ref idref="oc-1aa"/>
      </symbol>
      <symbol id="sm-30f">
         <name>GPIOIntStatus</name>
         <value>0x2000f6a9</value>
         <object_component_ref idref="oc-1ab"/>
      </symbol>
      <symbol id="sm-310">
         <name>GPIOIntTypeSet</name>
         <value>0x2000dd05</value>
         <object_component_ref idref="oc-1a7"/>
      </symbol>
      <symbol id="sm-311">
         <name>GPIOPinWrite</name>
         <value>0x2000f9f5</value>
         <object_component_ref idref="oc-143"/>
      </symbol>
      <symbol id="sm-361">
         <name>IntDisable</name>
         <value>0x2000d891</value>
         <object_component_ref idref="oc-225"/>
      </symbol>
      <symbol id="sm-362">
         <name>IntEnable</name>
         <value>0x2000d959</value>
         <object_component_ref idref="oc-1cf"/>
      </symbol>
      <symbol id="sm-363">
         <name>IntMasterDisable</name>
         <value>0x200100d5</value>
         <object_component_ref idref="oc-4a"/>
      </symbol>
      <symbol id="sm-364">
         <name>IntMasterEnable</name>
         <value>0x200100df</value>
         <object_component_ref idref="oc-136"/>
      </symbol>
      <symbol id="sm-365">
         <name>IntPendClear</name>
         <value>0x2000e72b</value>
         <object_component_ref idref="oc-1cc"/>
      </symbol>
      <symbol id="sm-366">
         <name>IntPendSet</name>
         <value>0x2000ddb1</value>
         <object_component_ref idref="oc-277"/>
      </symbol>
      <symbol id="sm-367">
         <name>IntPrioritySet</name>
         <value>0x2000e9c1</value>
         <object_component_ref idref="oc-1ce"/>
      </symbol>
      <symbol id="sm-368">
         <name>IntRegister</name>
         <value>0x2000fa9f</value>
         <object_component_ref idref="oc-1cd"/>
      </symbol>
      <symbol id="sm-369">
         <name>IntUnregister</name>
         <value>0x2000f8d5</value>
         <object_component_ref idref="oc-226"/>
      </symbol>
      <symbol id="sm-36a">
         <name>IntVTableBaseSet</name>
         <value>0x2000fdf1</value>
         <object_component_ref idref="oc-73"/>
      </symbol>
      <symbol id="sm-3b2">
         <name>PinConfigGet</name>
         <value>0x2000ee5d</value>
         <object_component_ref idref="oc-26d"/>
      </symbol>
      <symbol id="sm-3b3">
         <name>PinConfigSet</name>
         <value>0x2000de55</value>
         <object_component_ref idref="oc-13a"/>
      </symbol>
      <symbol id="sm-3b4">
         <name>PinDirModeGet</name>
         <value>0x2000f4b1</value>
         <object_component_ref idref="oc-26e"/>
      </symbol>
      <symbol id="sm-3b5">
         <name>PinDirModeSet</name>
         <value>0x2000f1d1</value>
         <object_component_ref idref="oc-26f"/>
      </symbol>
      <symbol id="sm-3b6">
         <name>PinLock</name>
         <value>0x2000f411</value>
         <object_component_ref idref="oc-24d"/>
      </symbol>
      <symbol id="sm-3b7">
         <name>PinLockLevelSet</name>
         <value>0x2000e4a5</value>
         <object_component_ref idref="oc-24c"/>
      </symbol>
      <symbol id="sm-3b8">
         <name>PinModeGet</name>
         <value>0x2000f4e5</value>
         <object_component_ref idref="oc-115"/>
      </symbol>
      <symbol id="sm-3b9">
         <name>PinModeSet</name>
         <value>0x2000f0cd</value>
         <object_component_ref idref="oc-11a"/>
      </symbol>
      <symbol id="sm-3ba">
         <name>PinToPadGet</name>
         <value>0x2000fccd</value>
         <object_component_ref idref="oc-1de"/>
      </symbol>
      <symbol id="sm-3bb">
         <name>PinTypeUART</name>
         <value>0x2000fb41</value>
         <object_component_ref idref="oc-1af"/>
      </symbol>
      <symbol id="sm-3bc">
         <name>PinUnlock</name>
         <value>0x2000fa17</value>
         <object_component_ref idref="oc-253"/>
      </symbol>
      <symbol id="sm-46e">
         <name>PRCMCC3200MCUInit</name>
         <value>0x2000c041</value>
         <object_component_ref idref="oc-d0"/>
      </symbol>
      <symbol id="sm-46f">
         <name>PRCMHIBRegRead</name>
         <value>0x2000fc7f</value>
         <object_component_ref idref="oc-111"/>
      </symbol>
      <symbol id="sm-470">
         <name>PRCMHIBRegWrite</name>
         <value>0x2000fc99</value>
         <object_component_ref idref="oc-110"/>
      </symbol>
      <symbol id="sm-471">
         <name>PRCMHibernateWakeUpGPIOSelect</name>
         <value>0x2000e34d</value>
         <object_component_ref idref="oc-17f"/>
      </symbol>
      <symbol id="sm-472">
         <name>PRCMHibernateWakeupSourceDisable</name>
         <value>0x2000e8b1</value>
         <object_component_ref idref="oc-181"/>
      </symbol>
      <symbol id="sm-473">
         <name>PRCMHibernateWakeupSourceEnable</name>
         <value>0x2000eb69</value>
         <object_component_ref idref="oc-180"/>
      </symbol>
      <symbol id="sm-474">
         <name>PRCMIntEnable</name>
         <value>0x2000edcd</value>
         <object_component_ref idref="oc-252"/>
      </symbol>
      <symbol id="sm-475">
         <name>PRCMLPDSEnter</name>
         <value>0x2000ea19</value>
         <object_component_ref idref="oc-258"/>
      </symbol>
      <symbol id="sm-476">
         <name>PRCMLPDSEnterKeepDebugIf</name>
         <value>0x2000eeed</value>
         <object_component_ref idref="oc-257"/>
      </symbol>
      <symbol id="sm-477">
         <name>PRCMLPDSIntervalSet</name>
         <value>0x2000f619</value>
         <object_component_ref idref="oc-207"/>
      </symbol>
      <symbol id="sm-478">
         <name>PRCMLPDSRestoreInfoSet</name>
         <value>0x2000eca5</value>
         <object_component_ref idref="oc-270"/>
      </symbol>
      <symbol id="sm-479">
         <name>PRCMLPDSWakeUpGPIOSelect</name>
         <value>0x2000f7b7</value>
         <object_component_ref idref="oc-17e"/>
      </symbol>
      <symbol id="sm-47a">
         <name>PRCMLPDSWakeupCauseGet</name>
         <value>0x20010061</value>
         <object_component_ref idref="oc-255"/>
      </symbol>
      <symbol id="sm-47b">
         <name>PRCMLPDSWakeupSourceDisable</name>
         <value>0x2000fcb3</value>
         <object_component_ref idref="oc-17d"/>
      </symbol>
      <symbol id="sm-47c">
         <name>PRCMLPDSWakeupSourceEnable</name>
         <value>0x2000f91d</value>
         <object_component_ref idref="oc-17c"/>
      </symbol>
      <symbol id="sm-47d">
         <name>PRCMPeripheralClkDisable</name>
         <value>0x2000f7e1</value>
         <object_component_ref idref="oc-114"/>
      </symbol>
      <symbol id="sm-47e">
         <name>PRCMPeripheralClkEnable</name>
         <value>0x2000e90d</value>
         <object_component_ref idref="oc-112"/>
      </symbol>
      <symbol id="sm-47f">
         <name>PRCMPeripheralReset</name>
         <value>0x2000e6c1</value>
         <object_component_ref idref="oc-113"/>
      </symbol>
      <symbol id="sm-480">
         <name>PRCMPeripheralStatusGet</name>
         <value>0x2000ee15</value>
         <object_component_ref idref="oc-1a3"/>
      </symbol>
      <symbol id="sm-481">
         <name>PRCMSRAMRetentionEnable</name>
         <value>0x2000f85d</value>
         <object_component_ref idref="oc-24a"/>
      </symbol>
      <symbol id="sm-482">
         <name>PRCMSleepEnter</name>
         <value>0x20010117</value>
         <object_component_ref idref="oc-20d"/>
      </symbol>
      <symbol id="sm-483">
         <name>PRCMSlowClkCtrFastGet</name>
         <value>0x2000f649</value>
         <object_component_ref idref="oc-241"/>
      </symbol>
      <symbol id="sm-484">
         <name>PRCMSysResetCauseGet</name>
         <value>0x2000e149</value>
         <object_component_ref idref="oc-10b"/>
      </symbol>
      <symbol id="sm-4a2">
         <name>SysTickEnable</name>
         <value>0x2000fedb</value>
         <object_component_ref idref="oc-20b"/>
      </symbol>
      <symbol id="sm-4a3">
         <name>SysTickIntDisable</name>
         <value>0x2000feed</value>
         <object_component_ref idref="oc-202"/>
      </symbol>
      <symbol id="sm-4a4">
         <name>SysTickIntEnable</name>
         <value>0x2000feff</value>
         <object_component_ref idref="oc-20c"/>
      </symbol>
      <symbol id="sm-4a5">
         <name>SysTickPeriodSet</name>
         <value>0x2000fd47</value>
         <object_component_ref idref="oc-20a"/>
      </symbol>
      <symbol id="sm-50f">
         <name>UARTBusy</name>
         <value>0x2000ffa5</value>
         <object_component_ref idref="oc-265"/>
      </symbol>
      <symbol id="sm-510">
         <name>UARTCharPutNonBlocking</name>
         <value>0x2000f447</value>
         <object_component_ref idref="oc-264"/>
      </symbol>
      <symbol id="sm-511">
         <name>UARTCharsAvail</name>
         <value>0x2000fd5d</value>
         <object_component_ref idref="oc-1e6"/>
      </symbol>
      <symbol id="sm-512">
         <name>UARTConfigSetExpClk</name>
         <value>0x2000e3c1</value>
         <object_component_ref idref="oc-1bd"/>
      </symbol>
      <symbol id="sm-513">
         <name>UARTDMADisable</name>
         <value>0x2000fd73</value>
         <object_component_ref idref="oc-1d5"/>
      </symbol>
      <symbol id="sm-514">
         <name>UARTDMAEnable</name>
         <value>0x2000fe41</value>
         <object_component_ref idref="oc-234"/>
      </symbol>
      <symbol id="sm-515">
         <name>UARTDisable</name>
         <value>0x2000f733</value>
         <object_component_ref idref="oc-1d7"/>
      </symbol>
      <symbol id="sm-516">
         <name>UARTEnable</name>
         <value>0x2000fb7d</value>
         <object_component_ref idref="oc-1c3"/>
      </symbol>
      <symbol id="sm-517">
         <name>UARTFIFOLevelSet</name>
         <value>0x2000fd89</value>
         <object_component_ref idref="oc-1c5"/>
      </symbol>
      <symbol id="sm-518">
         <name>UARTFlowControlSet</name>
         <value>0x2000fce7</value>
         <object_component_ref idref="oc-1c6"/>
      </symbol>
      <symbol id="sm-519">
         <name>UARTIntClear</name>
         <value>0x2000ffb5</value>
         <object_component_ref idref="oc-1c2"/>
      </symbol>
      <symbol id="sm-51a">
         <name>UARTIntDisable</name>
         <value>0x2000fd9f</value>
         <object_component_ref idref="oc-1d4"/>
      </symbol>
      <symbol id="sm-51b">
         <name>UARTIntEnable</name>
         <value>0x2000fe55</value>
         <object_component_ref idref="oc-1c4"/>
      </symbol>
      <symbol id="sm-51c">
         <name>UARTIntStatus</name>
         <value>0x2000f80b</value>
         <object_component_ref idref="oc-1e1"/>
      </symbol>
      <symbol id="sm-51d">
         <name>UARTRxErrorGet</name>
         <value>0x2000ffc5</value>
         <object_component_ref idref="oc-1e3"/>
      </symbol>
      <symbol id="sm-576">
         <name>uDMAChannelAssign</name>
         <value>0x2000ec09</value>
         <object_component_ref idref="oc-1c7"/>
      </symbol>
      <symbol id="sm-577">
         <name>uDMAChannelAttributeDisable</name>
         <value>0x2000e027</value>
         <object_component_ref idref="oc-1c8"/>
      </symbol>
      <symbol id="sm-578">
         <name>uDMAChannelControlSet</name>
         <value>0x2000f191</value>
         <object_component_ref idref="oc-231"/>
      </symbol>
      <symbol id="sm-579">
         <name>uDMAChannelDisable</name>
         <value>0x2000fb9b</value>
         <object_component_ref idref="oc-22b"/>
      </symbol>
      <symbol id="sm-57a">
         <name>uDMAChannelEnable</name>
         <value>0x2000fbb9</value>
         <object_component_ref idref="oc-233"/>
      </symbol>
      <symbol id="sm-57b">
         <name>uDMAChannelIsEnabled</name>
         <value>0x2000fbd7</value>
         <object_component_ref idref="oc-1e4"/>
      </symbol>
      <symbol id="sm-57c">
         <name>uDMAChannelSizeGet</name>
         <value>0x2000ed3b</value>
         <object_component_ref idref="oc-22c"/>
      </symbol>
      <symbol id="sm-57d">
         <name>uDMAChannelTransferSet</name>
         <value>0x2000d4db</value>
         <object_component_ref idref="oc-232"/>
      </symbol>
      <symbol id="sm-57e">
         <name>uDMAControlBaseSet</name>
         <value>0x2000fe7d</value>
         <object_component_ref idref="oc-1b9"/>
      </symbol>
      <symbol id="sm-57f">
         <name>uDMAEnable</name>
         <value>0x20010011</value>
         <object_component_ref idref="oc-1b4"/>
      </symbol>
      <symbol id="sm-580">
         <name>uDMAErrorStatusClear</name>
         <value>0x2001001f</value>
         <object_component_ref idref="oc-279"/>
      </symbol>
      <symbol id="sm-581">
         <name>uDMAErrorStatusGet</name>
         <value>0x200100b5</value>
         <object_component_ref idref="oc-278"/>
      </symbol>
      <symbol id="sm-582">
         <name>uDMAIntClear</name>
         <value>0x2000fe91</value>
         <object_component_ref idref="oc-22d"/>
      </symbol>
      <symbol id="sm-58d">
         <name>UtilsDelay</name>
         <value>0x2001011f</value>
         <object_component_ref idref="oc-10c"/>
      </symbol>
      <symbol id="sm-5ba">
         <name>FlashDisable</name>
         <value>0x2000e855</value>
         <object_component_ref idref="oc-272"/>
      </symbol>
      <symbol id="sm-5da">
         <name>malloc</name>
         <value>0x20010131</value>
         <object_component_ref idref="oc-1a4"/>
      </symbol>
      <symbol id="sm-5db">
         <name>aligned_alloc</name>
         <value>0x2000d2a1</value>
         <object_component_ref idref="oc-217"/>
      </symbol>
      <symbol id="sm-5dc">
         <name>free</name>
         <value>0x2000d5ed</value>
         <object_component_ref idref="oc-18e"/>
      </symbol>
      <symbol id="sm-5dd">
         <name>_sys_memory</name>
         <value>0x20004040</value>
         <object_component_ref idref="oc-31"/>
      </symbol>
      <symbol id="sm-5de">
         <name>memalign</name>
         <value>0x2000d2a1</value>
         <object_component_ref idref="oc-217"/>
      </symbol>
      <symbol id="sm-5e9">
         <name>_c_int00_noargs</name>
         <value>0x2000f9d1</value>
         <object_component_ref idref="oc-76"/>
      </symbol>
      <symbol id="sm-5ea">
         <name>__stack</name>
         <value>0x20003000</value>
         <object_component_ref idref="oc-16"/>
      </symbol>
      <symbol id="sm-5f6">
         <name>__TI_auto_init_nobinit_nopinit</name>
         <value>0x2000f3d9</value>
         <object_component_ref idref="oc-bd"/>
      </symbol>
      <symbol id="sm-5fe">
         <name>_system_pre_init</name>
         <value>0x20010171</value>
         <object_component_ref idref="oc-8b"/>
      </symbol>
      <symbol id="sm-609">
         <name>__TI_zero_init</name>
         <value>0x2000ffe5</value>
         <object_component_ref idref="oc-49"/>
      </symbol>
      <symbol id="sm-612">
         <name>__TI_decompress_none</name>
         <value>0x2001003b</value>
         <object_component_ref idref="oc-1c"/>
      </symbol>
      <symbol id="sm-61c">
         <name>__TI_decompress_lzss</name>
         <value>0x2000e435</value>
         <object_component_ref idref="oc-18"/>
      </symbol>
      <symbol id="sm-626">
         <name>abort</name>
         <value>0x20010175</value>
         <object_component_ref idref="oc-b6"/>
      </symbol>
      <symbol id="sm-627">
         <name>C$$EXIT</name>
         <value>0x20010174</value>
         <object_component_ref idref="oc-b6"/>
      </symbol>
      <symbol id="sm-630">
         <name>_nop</name>
         <value>0x2000ec57</value>
         <object_component_ref idref="oc-16d"/>
      </symbol>
      <symbol id="sm-631">
         <name>_lock</name>
         <value>0x2001129c</value>
         <object_component_ref idref="oc-101"/>
      </symbol>
      <symbol id="sm-632">
         <name>_unlock</name>
         <value>0x200112a0</value>
         <object_component_ref idref="oc-104"/>
      </symbol>
      <symbol id="sm-639">
         <name>__aeabi_memcpy</name>
         <value>0x2001016d</value>
         <object_component_ref idref="oc-3c"/>
      </symbol>
      <symbol id="sm-63a">
         <name>__aeabi_memcpy4</name>
         <value>0x2001016d</value>
         <object_component_ref idref="oc-3c"/>
      </symbol>
      <symbol id="sm-63b">
         <name>__aeabi_memcpy8</name>
         <value>0x2001016d</value>
         <object_component_ref idref="oc-3c"/>
      </symbol>
      <symbol id="sm-642">
         <name>__aeabi_memclr</name>
         <value>0x20010129</value>
         <object_component_ref idref="oc-67"/>
      </symbol>
      <symbol id="sm-643">
         <name>__aeabi_memclr4</name>
         <value>0x20010129</value>
         <object_component_ref idref="oc-67"/>
      </symbol>
      <symbol id="sm-644">
         <name>__aeabi_memclr8</name>
         <value>0x20010129</value>
         <object_component_ref idref="oc-67"/>
      </symbol>
      <symbol id="sm-64a">
         <name>__aeabi_uldivmod</name>
         <value>0x2000fe69</value>
         <object_component_ref idref="oc-1fe"/>
      </symbol>
      <symbol id="sm-650">
         <name>__udivmoddi4</name>
         <value>0x2000dc55</value>
         <object_component_ref idref="oc-242"/>
      </symbol>
      <symbol id="sm-65a">
         <name>__aeabi_ldiv0</name>
         <value>0x2000ea6f</value>
         <object_component_ref idref="oc-266"/>
      </symbol>
      <symbol id="sm-662">
         <name>TI_memcpy_small</name>
         <value>0x2000ff23</value>
         <object_component_ref idref="oc-81"/>
      </symbol>
      <symbol id="sm-66a">
         <name>TI_memset_small</name>
         <value>0x2001002d</value>
         <object_component_ref idref="oc-9e"/>
      </symbol>
      <symbol id="sm-66b">
         <name>__TI_static_base__</name>
         <value>0x20010178</value>
      </symbol>
      <symbol id="sm-66e">
         <name>ITM_flush</name>
         <value>0x0</value>
      </symbol>
      <symbol id="sm-66f">
         <name>ITM_restore</name>
         <value>0x0</value>
      </symbol>
      <symbol id="sm-670">
         <name>__mpu_init</name>
         <value>0x0</value>
      </symbol>
      <symbol id="sm-671">
         <name>_system_post_cinit</name>
         <value>0x0</value>
      </symbol>
   </symbol_table>
   <title>Link successful</title>
</link_info>
