<?xml version="1.0" encoding="ISO-8859-1" ?>
<link_info>
   <banner>TI ARM Clang Linker PC v3.2.0.LTS</banner>
   <copyright>Copyright (c) 1996-2018 Texas Instruments Incorporated</copyright>
   <link_time>0x65762599</link_time>
   <link_errors>0x0</link_errors>
   <output_file>C:\Users\drew1\workspace_v12_4\gpiointerrupt_CC3220S_LAUNCHXL_nortos_ticlang\MCU+Image\gpiointerrupt_CC3220S_LAUNCHXL_nortos_ticlang.out</output_file>
   <entry_point>
      <name>resetISR</name>
      <address>0x20011479</address>
   </entry_point>
   <input_file_list>
      <input_file id="fl-1">
         <path>C:\Users\drew1\workspace_v12_4\gpiointerrupt_CC3220S_LAUNCHXL_nortos_ticlang\MCU+Image\.\</path>
         <kind>object</kind>
         <file>gpiointerrupt.o</file>
         <name>gpiointerrupt.o</name>
      </input_file>
      <input_file id="fl-2">
         <path>C:\Users\drew1\workspace_v12_4\gpiointerrupt_CC3220S_LAUNCHXL_nortos_ticlang\MCU+Image\.\syscfg\</path>
         <kind>object</kind>
         <file>ti_drivers_config.o</file>
         <name>ti_drivers_config.o</name>
      </input_file>
      <input_file id="fl-3">
         <path>C:\Users\drew1\workspace_v12_4\gpiointerrupt_CC3220S_LAUNCHXL_nortos_ticlang\MCU+Image\.\</path>
         <kind>object</kind>
         <file>main_nortos.o</file>
         <name>main_nortos.o</name>
      </input_file>
      <input_file id="fl-13">
         <path>C:\Users\drew1\workspace_v12_4\gpiointerrupt_CC3220S_LAUNCHXL_nortos_ticlang\MCU+Image\</path>
         <kind>object</kind>
         <file>&lt;internal&gt;</file>
         <name>&lt;internal&gt;</name>
      </input_file>
      <input_file id="fl-14">
         <path>C:\ti\simplelink_cc32xx_sdk_7_10_00_13\source\ti\drivers\lib\ticlang\m4\</path>
         <kind>archive</kind>
         <file>drivers_cc32xx.a</file>
         <name>GPIO.c.obj</name>
      </input_file>
      <input_file id="fl-15">
         <path>C:\ti\simplelink_cc32xx_sdk_7_10_00_13\source\ti\drivers\lib\ticlang\m4\</path>
         <kind>archive</kind>
         <file>drivers_cc32xx.a</file>
         <name>GPIOCC32XX.c.obj</name>
      </input_file>
      <input_file id="fl-16">
         <path>C:\ti\simplelink_cc32xx_sdk_7_10_00_13\source\ti\drivers\lib\ticlang\m4\</path>
         <kind>archive</kind>
         <file>drivers_cc32xx.a</file>
         <name>I2C.c.obj</name>
      </input_file>
      <input_file id="fl-17">
         <path>C:\ti\simplelink_cc32xx_sdk_7_10_00_13\source\ti\drivers\lib\ticlang\m4\</path>
         <kind>archive</kind>
         <file>drivers_cc32xx.a</file>
         <name>I2CCC32XX.c.obj</name>
      </input_file>
      <input_file id="fl-18">
         <path>C:\ti\simplelink_cc32xx_sdk_7_10_00_13\source\ti\drivers\lib\ticlang\m4\</path>
         <kind>archive</kind>
         <file>drivers_cc32xx.a</file>
         <name>PowerCC32XX.c.obj</name>
      </input_file>
      <input_file id="fl-19">
         <path>C:\ti\simplelink_cc32xx_sdk_7_10_00_13\source\ti\drivers\lib\ticlang\m4\</path>
         <kind>archive</kind>
         <file>drivers_cc32xx.a</file>
         <name>PowerCC32XX_ticlang.asm.obj</name>
      </input_file>
      <input_file id="fl-1a">
         <path>C:\ti\simplelink_cc32xx_sdk_7_10_00_13\source\ti\drivers\lib\ticlang\m4\</path>
         <kind>archive</kind>
         <file>drivers_cc32xx.a</file>
         <name>Timer.c.obj</name>
      </input_file>
      <input_file id="fl-1b">
         <path>C:\ti\simplelink_cc32xx_sdk_7_10_00_13\source\ti\drivers\lib\ticlang\m4\</path>
         <kind>archive</kind>
         <file>drivers_cc32xx.a</file>
         <name>TimerCC32XX.c.obj</name>
      </input_file>
      <input_file id="fl-1c">
         <path>C:\ti\simplelink_cc32xx_sdk_7_10_00_13\source\ti\drivers\lib\ticlang\m4\</path>
         <kind>archive</kind>
         <file>drivers_cc32xx.a</file>
         <name>UART2.c.obj</name>
      </input_file>
      <input_file id="fl-1d">
         <path>C:\ti\simplelink_cc32xx_sdk_7_10_00_13\source\ti\drivers\lib\ticlang\m4\</path>
         <kind>archive</kind>
         <file>drivers_cc32xx.a</file>
         <name>UART2CC32XX.c.obj</name>
      </input_file>
      <input_file id="fl-1e">
         <path>C:\ti\simplelink_cc32xx_sdk_7_10_00_13\source\ti\drivers\lib\ticlang\m4\</path>
         <kind>archive</kind>
         <file>drivers_cc32xx.a</file>
         <name>List.c.obj</name>
      </input_file>
      <input_file id="fl-1f">
         <path>C:\ti\simplelink_cc32xx_sdk_7_10_00_13\source\ti\drivers\lib\ticlang\m4\</path>
         <kind>archive</kind>
         <file>drivers_cc32xx.a</file>
         <name>RingBuf.c.obj</name>
      </input_file>
      <input_file id="fl-20">
         <path>C:\ti\simplelink_cc32xx_sdk_7_10_00_13\source\ti\drivers\lib\ticlang\m4\</path>
         <kind>archive</kind>
         <file>drivers_cc32xx.a</file>
         <name>UDMACC32XX.c.obj</name>
      </input_file>
      <input_file id="fl-21">
         <path>C:\ti\simplelink_cc32xx_sdk_7_10_00_13\kernel\nortos\lib\ticlang\m4\</path>
         <kind>archive</kind>
         <file>nortos_cc32xx.a</file>
         <name>NoRTOS.c.obj</name>
      </input_file>
      <input_file id="fl-22">
         <path>C:\ti\simplelink_cc32xx_sdk_7_10_00_13\kernel\nortos\lib\ticlang\m4\</path>
         <kind>archive</kind>
         <file>nortos_cc32xx.a</file>
         <name>SemaphoreP_nortos.c.obj</name>
      </input_file>
      <input_file id="fl-23">
         <path>C:\ti\simplelink_cc32xx_sdk_7_10_00_13\kernel\nortos\lib\ticlang\m4\</path>
         <kind>archive</kind>
         <file>nortos_cc32xx.a</file>
         <name>ClockPSysTick_nortos.c.obj</name>
      </input_file>
      <input_file id="fl-24">
         <path>C:\ti\simplelink_cc32xx_sdk_7_10_00_13\kernel\nortos\lib\ticlang\m4\</path>
         <kind>archive</kind>
         <file>nortos_cc32xx.a</file>
         <name>HwiPCC32XX_nortos.c.obj</name>
      </input_file>
      <input_file id="fl-25">
         <path>C:\ti\simplelink_cc32xx_sdk_7_10_00_13\kernel\nortos\lib\ticlang\m4\</path>
         <kind>archive</kind>
         <file>nortos_cc32xx.a</file>
         <name>PowerCC32XX_nortos.c.obj</name>
      </input_file>
      <input_file id="fl-26">
         <path>C:\ti\simplelink_cc32xx_sdk_7_10_00_13\kernel\nortos\lib\ticlang\m4\</path>
         <kind>archive</kind>
         <file>nortos_cc32xx.a</file>
         <name>startup_cc32xx_ticlang.c.obj</name>
      </input_file>
      <input_file id="fl-27">
         <path>C:\ti\simplelink_cc32xx_sdk_7_10_00_13\kernel\nortos\lib\ticlang\m4\</path>
         <kind>archive</kind>
         <file>nortos_cc32xx.a</file>
         <name>SwiP_nortos.c.obj</name>
      </input_file>
      <input_file id="fl-28">
         <path>C:\ti\simplelink_cc32xx_sdk_7_10_00_13\source\ti\devices\cc32xx\driverlib\ticlang\Release\</path>
         <kind>archive</kind>
         <file>driverlib.a</file>
         <name>cpu.obj</name>
      </input_file>
      <input_file id="fl-29">
         <path>C:\ti\simplelink_cc32xx_sdk_7_10_00_13\source\ti\devices\cc32xx\driverlib\ticlang\Release\</path>
         <kind>archive</kind>
         <file>driverlib.a</file>
         <name>gpio.obj</name>
      </input_file>
      <input_file id="fl-2a">
         <path>C:\ti\simplelink_cc32xx_sdk_7_10_00_13\source\ti\devices\cc32xx\driverlib\ticlang\Release\</path>
         <kind>archive</kind>
         <file>driverlib.a</file>
         <name>hwspinlock.obj</name>
      </input_file>
      <input_file id="fl-2b">
         <path>C:\ti\simplelink_cc32xx_sdk_7_10_00_13\source\ti\devices\cc32xx\driverlib\ticlang\Release\</path>
         <kind>archive</kind>
         <file>driverlib.a</file>
         <name>i2c.obj</name>
      </input_file>
      <input_file id="fl-2c">
         <path>C:\ti\simplelink_cc32xx_sdk_7_10_00_13\source\ti\devices\cc32xx\driverlib\ticlang\Release\</path>
         <kind>archive</kind>
         <file>driverlib.a</file>
         <name>interrupt.obj</name>
      </input_file>
      <input_file id="fl-2d">
         <path>C:\ti\simplelink_cc32xx_sdk_7_10_00_13\source\ti\devices\cc32xx\driverlib\ticlang\Release\</path>
         <kind>archive</kind>
         <file>driverlib.a</file>
         <name>pin.obj</name>
      </input_file>
      <input_file id="fl-2e">
         <path>C:\ti\simplelink_cc32xx_sdk_7_10_00_13\source\ti\devices\cc32xx\driverlib\ticlang\Release\</path>
         <kind>archive</kind>
         <file>driverlib.a</file>
         <name>prcm.obj</name>
      </input_file>
      <input_file id="fl-2f">
         <path>C:\ti\simplelink_cc32xx_sdk_7_10_00_13\source\ti\devices\cc32xx\driverlib\ticlang\Release\</path>
         <kind>archive</kind>
         <file>driverlib.a</file>
         <name>spi.obj</name>
      </input_file>
      <input_file id="fl-30">
         <path>C:\ti\simplelink_cc32xx_sdk_7_10_00_13\source\ti\devices\cc32xx\driverlib\ticlang\Release\</path>
         <kind>archive</kind>
         <file>driverlib.a</file>
         <name>systick.obj</name>
      </input_file>
      <input_file id="fl-31">
         <path>C:\ti\simplelink_cc32xx_sdk_7_10_00_13\source\ti\devices\cc32xx\driverlib\ticlang\Release\</path>
         <kind>archive</kind>
         <file>driverlib.a</file>
         <name>timer.obj</name>
      </input_file>
      <input_file id="fl-32">
         <path>C:\ti\simplelink_cc32xx_sdk_7_10_00_13\source\ti\devices\cc32xx\driverlib\ticlang\Release\</path>
         <kind>archive</kind>
         <file>driverlib.a</file>
         <name>uart.obj</name>
      </input_file>
      <input_file id="fl-33">
         <path>C:\ti\simplelink_cc32xx_sdk_7_10_00_13\source\ti\devices\cc32xx\driverlib\ticlang\Release\</path>
         <kind>archive</kind>
         <file>driverlib.a</file>
         <name>udma.obj</name>
      </input_file>
      <input_file id="fl-34">
         <path>C:\ti\simplelink_cc32xx_sdk_7_10_00_13\source\ti\devices\cc32xx\driverlib\ticlang\Release\</path>
         <kind>archive</kind>
         <file>driverlib.a</file>
         <name>utils.obj</name>
      </input_file>
      <input_file id="fl-35">
         <path>C:\ti\simplelink_cc32xx_sdk_7_10_00_13\source\ti\devices\cc32xx\driverlib\ticlang\Release\</path>
         <kind>archive</kind>
         <file>driverlib.a</file>
         <name>flash.obj</name>
      </input_file>
      <input_file id="fl-42">
         <path>C:\ti\ccs1250\ccs\tools\compiler\ti-cgt-armllvm_3.2.0.LTS\lib\armv7em-ti-none-eabi\c\</path>
         <kind>archive</kind>
         <file>libc.a</file>
         <name>snprintf.c.obj</name>
      </input_file>
      <input_file id="fl-43">
         <path>C:\ti\ccs1250\ccs\tools\compiler\ti-cgt-armllvm_3.2.0.LTS\lib\armv7em-ti-none-eabi\c\</path>
         <kind>archive</kind>
         <file>libc.a</file>
         <name>memory.c.obj</name>
      </input_file>
      <input_file id="fl-44">
         <path>C:\ti\ccs1250\ccs\tools\compiler\ti-cgt-armllvm_3.2.0.LTS\lib\armv7em-ti-none-eabi\c\</path>
         <kind>archive</kind>
         <file>libc.a</file>
         <name>boot_cortex_m.c.obj</name>
      </input_file>
      <input_file id="fl-45">
         <path>C:\ti\ccs1250\ccs\tools\compiler\ti-cgt-armllvm_3.2.0.LTS\lib\armv7em-ti-none-eabi\c\</path>
         <kind>archive</kind>
         <file>libc.a</file>
         <name>mathacl_init.c.obj</name>
      </input_file>
      <input_file id="fl-46">
         <path>C:\ti\ccs1250\ccs\tools\compiler\ti-cgt-armllvm_3.2.0.LTS\lib\armv7em-ti-none-eabi\c\</path>
         <kind>archive</kind>
         <file>libc.a</file>
         <name>autoinit.c.obj</name>
      </input_file>
      <input_file id="fl-47">
         <path>C:\ti\ccs1250\ccs\tools\compiler\ti-cgt-armllvm_3.2.0.LTS\lib\armv7em-ti-none-eabi\c\</path>
         <kind>archive</kind>
         <file>libc.a</file>
         <name>pre_init.c.obj</name>
      </input_file>
      <input_file id="fl-48">
         <path>C:\ti\ccs1250\ccs\tools\compiler\ti-cgt-armllvm_3.2.0.LTS\lib\armv7em-ti-none-eabi\c\</path>
         <kind>archive</kind>
         <file>libc.a</file>
         <name>cpy_tbl.c.obj</name>
      </input_file>
      <input_file id="fl-49">
         <path>C:\ti\ccs1250\ccs\tools\compiler\ti-cgt-armllvm_3.2.0.LTS\lib\armv7em-ti-none-eabi\c\</path>
         <kind>archive</kind>
         <file>libc.a</file>
         <name>copy_zero_init.c.obj</name>
      </input_file>
      <input_file id="fl-4a">
         <path>C:\ti\ccs1250\ccs\tools\compiler\ti-cgt-armllvm_3.2.0.LTS\lib\armv7em-ti-none-eabi\c\</path>
         <kind>archive</kind>
         <file>libc.a</file>
         <name>copy_decompress_none.c.obj</name>
      </input_file>
      <input_file id="fl-4b">
         <path>C:\ti\ccs1250\ccs\tools\compiler\ti-cgt-armllvm_3.2.0.LTS\lib\armv7em-ti-none-eabi\c\</path>
         <kind>archive</kind>
         <file>libc.a</file>
         <name>copy_decompress_lzss.c.obj</name>
      </input_file>
      <input_file id="fl-4c">
         <path>C:\ti\ccs1250\ccs\tools\compiler\ti-cgt-armllvm_3.2.0.LTS\lib\armv7em-ti-none-eabi\c\</path>
         <kind>archive</kind>
         <file>libc.a</file>
         <name>_printfi.c.obj</name>
      </input_file>
      <input_file id="fl-4d">
         <path>C:\ti\ccs1250\ccs\tools\compiler\ti-cgt-armllvm_3.2.0.LTS\lib\armv7em-ti-none-eabi\c\</path>
         <kind>archive</kind>
         <file>libc.a</file>
         <name>wcslen.c.obj</name>
      </input_file>
      <input_file id="fl-4e">
         <path>C:\ti\ccs1250\ccs\tools\compiler\ti-cgt-armllvm_3.2.0.LTS\lib\armv7em-ti-none-eabi\c\</path>
         <kind>archive</kind>
         <file>libc.a</file>
         <name>aeabi_portable.c.obj</name>
      </input_file>
      <input_file id="fl-4f">
         <path>C:\ti\ccs1250\ccs\tools\compiler\ti-cgt-armllvm_3.2.0.LTS\lib\armv7em-ti-none-eabi\c\</path>
         <kind>archive</kind>
         <file>libc.a</file>
         <name>exit.c.obj</name>
      </input_file>
      <input_file id="fl-50">
         <path>C:\ti\ccs1250\ccs\tools\compiler\ti-cgt-armllvm_3.2.0.LTS\lib\armv7em-ti-none-eabi\c\</path>
         <kind>archive</kind>
         <file>libc.a</file>
         <name>_lock.c.obj</name>
      </input_file>
      <input_file id="fl-51">
         <path>C:\ti\ccs1250\ccs\tools\compiler\ti-cgt-armllvm_3.2.0.LTS\lib\armv7em-ti-none-eabi\c\</path>
         <kind>archive</kind>
         <file>libc.a</file>
         <name>_ltoa.c.obj</name>
      </input_file>
      <input_file id="fl-52">
         <path>C:\ti\ccs1250\ccs\tools\compiler\ti-cgt-armllvm_3.2.0.LTS\lib\armv7em-ti-none-eabi\c\</path>
         <kind>archive</kind>
         <file>libc.a</file>
         <name>args_main.c.obj</name>
      </input_file>
      <input_file id="fl-53">
         <path>C:\ti\ccs1250\ccs\tools\compiler\ti-cgt-armllvm_3.2.0.LTS\lib\armv7em-ti-none-eabi\c\</path>
         <kind>archive</kind>
         <file>libc.a</file>
         <name>assert.c.obj</name>
      </input_file>
      <input_file id="fl-54">
         <path>C:\ti\ccs1250\ccs\tools\compiler\ti-cgt-armllvm_3.2.0.LTS\lib\armv7em-ti-none-eabi\c\</path>
         <kind>archive</kind>
         <file>libc.a</file>
         <name>atoi.c.obj</name>
      </input_file>
      <input_file id="fl-55">
         <path>C:\ti\ccs1250\ccs\tools\compiler\ti-cgt-armllvm_3.2.0.LTS\lib\armv7em-ti-none-eabi\c\</path>
         <kind>archive</kind>
         <file>libc.a</file>
         <name>defs.c.obj</name>
      </input_file>
      <input_file id="fl-56">
         <path>C:\ti\ccs1250\ccs\tools\compiler\ti-cgt-armllvm_3.2.0.LTS\lib\armv7em-ti-none-eabi\c\</path>
         <kind>archive</kind>
         <file>libc.a</file>
         <name>memccpy.c.obj</name>
      </input_file>
      <input_file id="fl-57">
         <path>C:\ti\ccs1250\ccs\tools\compiler\ti-cgt-armllvm_3.2.0.LTS\lib\armv7em-ti-none-eabi\c\</path>
         <kind>archive</kind>
         <file>libc.a</file>
         <name>s_frexp.c.obj</name>
      </input_file>
      <input_file id="fl-58">
         <path>C:\ti\ccs1250\ccs\tools\compiler\ti-cgt-armllvm_3.2.0.LTS\lib\armv7em-ti-none-eabi\c\</path>
         <kind>archive</kind>
         <file>libc.a</file>
         <name>s_scalbn.c.obj</name>
      </input_file>
      <input_file id="fl-59">
         <path>C:\ti\ccs1250\ccs\tools\compiler\ti-cgt-armllvm_3.2.0.LTS\lib\armv7em-ti-none-eabi\c\</path>
         <kind>archive</kind>
         <file>libc.a</file>
         <name>sprintf.c.obj</name>
      </input_file>
      <input_file id="fl-5a">
         <path>C:\ti\ccs1250\ccs\tools\compiler\ti-cgt-armllvm_3.2.0.LTS\lib\armv7em-ti-none-eabi\c\</path>
         <kind>archive</kind>
         <file>libc.a</file>
         <name>fflush.c.obj</name>
      </input_file>
      <input_file id="fl-5b">
         <path>C:\ti\ccs1250\ccs\tools\compiler\ti-cgt-armllvm_3.2.0.LTS\lib\armv7em-ti-none-eabi\c\</path>
         <kind>archive</kind>
         <file>libc.a</file>
         <name>fputs.c.obj</name>
      </input_file>
      <input_file id="fl-5c">
         <path>C:\ti\ccs1250\ccs\tools\compiler\ti-cgt-armllvm_3.2.0.LTS\lib\armv7em-ti-none-eabi\c\</path>
         <kind>archive</kind>
         <file>libc.a</file>
         <name>_io_perm.c.obj</name>
      </input_file>
      <input_file id="fl-5d">
         <path>C:\ti\ccs1250\ccs\tools\compiler\ti-cgt-armllvm_3.2.0.LTS\lib\armv7em-ti-none-eabi\c\</path>
         <kind>archive</kind>
         <file>libc.a</file>
         <name>setvbuf.c.obj</name>
      </input_file>
      <input_file id="fl-5e">
         <path>C:\ti\ccs1250\ccs\tools\compiler\ti-cgt-armllvm_3.2.0.LTS\lib\armv7em-ti-none-eabi\c\</path>
         <kind>archive</kind>
         <file>libc.a</file>
         <name>aeabi_ctype.S.obj</name>
      </input_file>
      <input_file id="fl-5f">
         <path>C:\ti\ccs1250\ccs\tools\compiler\ti-cgt-armllvm_3.2.0.LTS\lib\armv7em-ti-none-eabi\c\</path>
         <kind>archive</kind>
         <file>libc.a</file>
         <name>fopen.c.obj</name>
      </input_file>
      <input_file id="fl-60">
         <path>C:\ti\ccs1250\ccs\tools\compiler\ti-cgt-armllvm_3.2.0.LTS\lib\armv7em-ti-none-eabi\c\</path>
         <kind>archive</kind>
         <file>libc.a</file>
         <name>fseek.c.obj</name>
      </input_file>
      <input_file id="fl-61">
         <path>C:\ti\ccs1250\ccs\tools\compiler\ti-cgt-armllvm_3.2.0.LTS\lib\armv7em-ti-none-eabi\c\</path>
         <kind>archive</kind>
         <file>libc.a</file>
         <name>fclose.c.obj</name>
      </input_file>
      <input_file id="fl-c5">
         <path>C:\ti\ccs1250\ccs\tools\compiler\ti-cgt-armllvm_3.2.0.LTS\lib\armv7em-ti-none-eabi\c\</path>
         <kind>archive</kind>
         <file>libsysbm.a</file>
         <name>write.c.obj</name>
      </input_file>
      <input_file id="fl-c6">
         <path>C:\ti\ccs1250\ccs\tools\compiler\ti-cgt-armllvm_3.2.0.LTS\lib\armv7em-ti-none-eabi\c\</path>
         <kind>archive</kind>
         <file>libsysbm.a</file>
         <name>host_device.c.obj</name>
      </input_file>
      <input_file id="fl-c7">
         <path>C:\ti\ccs1250\ccs\tools\compiler\ti-cgt-armllvm_3.2.0.LTS\lib\armv7em-ti-none-eabi\c\</path>
         <kind>archive</kind>
         <file>libsysbm.a</file>
         <name>remove.c.obj</name>
      </input_file>
      <input_file id="fl-c8">
         <path>C:\ti\ccs1250\ccs\tools\compiler\ti-cgt-armllvm_3.2.0.LTS\lib\armv7em-ti-none-eabi\c\</path>
         <kind>archive</kind>
         <file>libsysbm.a</file>
         <name>open.c.obj</name>
      </input_file>
      <input_file id="fl-c9">
         <path>C:\ti\ccs1250\ccs\tools\compiler\ti-cgt-armllvm_3.2.0.LTS\lib\armv7em-ti-none-eabi\c\</path>
         <kind>archive</kind>
         <file>libsysbm.a</file>
         <name>lseek.c.obj</name>
      </input_file>
      <input_file id="fl-ca">
         <path>C:\ti\ccs1250\ccs\tools\compiler\ti-cgt-armllvm_3.2.0.LTS\lib\armv7em-ti-none-eabi\c\</path>
         <kind>archive</kind>
         <file>libsysbm.a</file>
         <name>close.c.obj</name>
      </input_file>
      <input_file id="fl-cb">
         <path>C:\ti\ccs1250\ccs\tools\compiler\ti-cgt-armllvm_3.2.0.LTS\lib\armv7em-ti-none-eabi\c\</path>
         <kind>archive</kind>
         <file>libsysbm.a</file>
         <name>unlink.c.obj</name>
      </input_file>
      <input_file id="fl-cc">
         <path>C:\ti\ccs1250\ccs\tools\compiler\ti-cgt-armllvm_3.2.0.LTS\lib\armv7em-ti-none-eabi\c\</path>
         <kind>archive</kind>
         <file>libsysbm.a</file>
         <name>hostclose.c.obj</name>
      </input_file>
      <input_file id="fl-cd">
         <path>C:\ti\ccs1250\ccs\tools\compiler\ti-cgt-armllvm_3.2.0.LTS\lib\armv7em-ti-none-eabi\c\</path>
         <kind>archive</kind>
         <file>libsysbm.a</file>
         <name>hostlseek.c.obj</name>
      </input_file>
      <input_file id="fl-ce">
         <path>C:\ti\ccs1250\ccs\tools\compiler\ti-cgt-armllvm_3.2.0.LTS\lib\armv7em-ti-none-eabi\c\</path>
         <kind>archive</kind>
         <file>libsysbm.a</file>
         <name>hostopen.c.obj</name>
      </input_file>
      <input_file id="fl-cf">
         <path>C:\ti\ccs1250\ccs\tools\compiler\ti-cgt-armllvm_3.2.0.LTS\lib\armv7em-ti-none-eabi\c\</path>
         <kind>archive</kind>
         <file>libsysbm.a</file>
         <name>hostread.c.obj</name>
      </input_file>
      <input_file id="fl-d0">
         <path>C:\ti\ccs1250\ccs\tools\compiler\ti-cgt-armllvm_3.2.0.LTS\lib\armv7em-ti-none-eabi\c\</path>
         <kind>archive</kind>
         <file>libsysbm.a</file>
         <name>hostrename.c.obj</name>
      </input_file>
      <input_file id="fl-d1">
         <path>C:\ti\ccs1250\ccs\tools\compiler\ti-cgt-armllvm_3.2.0.LTS\lib\armv7em-ti-none-eabi\c\</path>
         <kind>archive</kind>
         <file>libsysbm.a</file>
         <name>hostunlink.c.obj</name>
      </input_file>
      <input_file id="fl-d2">
         <path>C:\ti\ccs1250\ccs\tools\compiler\ti-cgt-armllvm_3.2.0.LTS\lib\armv7em-ti-none-eabi\c\</path>
         <kind>archive</kind>
         <file>libsysbm.a</file>
         <name>hostwrite.c.obj</name>
      </input_file>
      <input_file id="fl-d3">
         <path>C:\ti\ccs1250\ccs\tools\compiler\ti-cgt-armllvm_3.2.0.LTS\lib\armv7em-ti-none-eabi\c\</path>
         <kind>archive</kind>
         <file>libsysbm.a</file>
         <name>trgmsg.c.obj</name>
      </input_file>
      <input_file id="fl-d4">
         <path>C:\ti\ccs1250\ccs\tools\compiler\ti-cgt-armllvm_3.2.0.LTS\lib\clang\15.0.7\lib\armv7em-ti-none-eabi\</path>
         <kind>archive</kind>
         <file>libclang_rt.builtins.a</file>
         <name>adddf3.S.obj</name>
      </input_file>
      <input_file id="fl-d5">
         <path>C:\ti\ccs1250\ccs\tools\compiler\ti-cgt-armllvm_3.2.0.LTS\lib\clang\15.0.7\lib\armv7em-ti-none-eabi\</path>
         <kind>archive</kind>
         <file>libclang_rt.builtins.a</file>
         <name>muldf3.S.obj</name>
      </input_file>
      <input_file id="fl-d6">
         <path>C:\ti\ccs1250\ccs\tools\compiler\ti-cgt-armllvm_3.2.0.LTS\lib\clang\15.0.7\lib\armv7em-ti-none-eabi\</path>
         <kind>archive</kind>
         <file>libclang_rt.builtins.a</file>
         <name>divdf3.S.obj</name>
      </input_file>
      <input_file id="fl-d7">
         <path>C:\ti\ccs1250\ccs\tools\compiler\ti-cgt-armllvm_3.2.0.LTS\lib\clang\15.0.7\lib\armv7em-ti-none-eabi\</path>
         <kind>archive</kind>
         <file>libclang_rt.builtins.a</file>
         <name>fixdfsi.S.obj</name>
      </input_file>
      <input_file id="fl-d8">
         <path>C:\ti\ccs1250\ccs\tools\compiler\ti-cgt-armllvm_3.2.0.LTS\lib\clang\15.0.7\lib\armv7em-ti-none-eabi\</path>
         <kind>archive</kind>
         <file>libclang_rt.builtins.a</file>
         <name>floatsidf.S.obj</name>
      </input_file>
      <input_file id="fl-d9">
         <path>C:\ti\ccs1250\ccs\tools\compiler\ti-cgt-armllvm_3.2.0.LTS\lib\clang\15.0.7\lib\armv7em-ti-none-eabi\</path>
         <kind>archive</kind>
         <file>libclang_rt.builtins.a</file>
         <name>aeabi_dcmp.S.obj</name>
      </input_file>
      <input_file id="fl-da">
         <path>C:\ti\ccs1250\ccs\tools\compiler\ti-cgt-armllvm_3.2.0.LTS\lib\clang\15.0.7\lib\armv7em-ti-none-eabi\</path>
         <kind>archive</kind>
         <file>libclang_rt.builtins.a</file>
         <name>aeabi_memcpy.S.obj</name>
      </input_file>
      <input_file id="fl-db">
         <path>C:\ti\ccs1250\ccs\tools\compiler\ti-cgt-armllvm_3.2.0.LTS\lib\clang\15.0.7\lib\armv7em-ti-none-eabi\</path>
         <kind>archive</kind>
         <file>libclang_rt.builtins.a</file>
         <name>aeabi_memset.S.obj</name>
      </input_file>
      <input_file id="fl-dc">
         <path>C:\ti\ccs1250\ccs\tools\compiler\ti-cgt-armllvm_3.2.0.LTS\lib\clang\15.0.7\lib\armv7em-ti-none-eabi\</path>
         <kind>archive</kind>
         <file>libclang_rt.builtins.a</file>
         <name>aeabi_uldivmod.S.obj</name>
      </input_file>
      <input_file id="fl-dd">
         <path>C:\ti\ccs1250\ccs\tools\compiler\ti-cgt-armllvm_3.2.0.LTS\lib\clang\15.0.7\lib\armv7em-ti-none-eabi\</path>
         <kind>archive</kind>
         <file>libclang_rt.builtins.a</file>
         <name>udivmoddi4.S.obj</name>
      </input_file>
      <input_file id="fl-de">
         <path>C:\ti\ccs1250\ccs\tools\compiler\ti-cgt-armllvm_3.2.0.LTS\lib\clang\15.0.7\lib\armv7em-ti-none-eabi\</path>
         <kind>archive</kind>
         <file>libclang_rt.builtins.a</file>
         <name>comparedf2.c.obj</name>
      </input_file>
      <input_file id="fl-df">
         <path>C:\ti\ccs1250\ccs\tools\compiler\ti-cgt-armllvm_3.2.0.LTS\lib\clang\15.0.7\lib\armv7em-ti-none-eabi\</path>
         <kind>archive</kind>
         <file>libclang_rt.builtins.a</file>
         <name>aeabi_div0.c.obj</name>
      </input_file>
      <input_file id="fl-e0">
         <path>C:\ti\ccs1250\ccs\tools\compiler\ti-cgt-armllvm_3.2.0.LTS\lib\armv7em-ti-none-eabi\c\</path>
         <kind>archive</kind>
         <file>libc.a</file>
         <name>getdevice.c.obj</name>
      </input_file>
      <input_file id="fl-e1">
         <path>C:\ti\ccs1250\ccs\tools\compiler\ti-cgt-armllvm_3.2.0.LTS\lib\armv7em-ti-none-eabi\c\</path>
         <kind>archive</kind>
         <file>libc.a</file>
         <name>strcmp_t2.S.obj</name>
      </input_file>
      <input_file id="fl-e2">
         <path>C:\ti\ccs1250\ccs\tools\compiler\ti-cgt-armllvm_3.2.0.LTS\lib\armv7em-ti-none-eabi\c\</path>
         <kind>archive</kind>
         <file>libc.a</file>
         <name>memcpy_t2.S.obj</name>
      </input_file>
      <input_file id="fl-e3">
         <path>C:\ti\ccs1250\ccs\tools\compiler\ti-cgt-armllvm_3.2.0.LTS\lib\armv7em-ti-none-eabi\c\</path>
         <kind>archive</kind>
         <file>libc.a</file>
         <name>memset_t2.S.obj</name>
      </input_file>
   </input_file_list>
   <object_component_list>
      <object_component id="oc-29b">
         <name>.text:__TI_printfi_nofloat</name>
         <load_address>0x2000c040</load_address>
         <readonly>true</readonly>
         <executable>true</executable>
         <run_address>0x2000c040</run_address>
         <size>0x86c</size>
         <alignment>0x4</alignment>
         <input_file_ref idref="fl-4c"/>
      </object_component>
      <object_component id="oc-d2">
         <name>.text.PRCMCC3200MCUInit</name>
         <load_address>0x2000c8ac</load_address>
         <readonly>true</readonly>
         <executable>true</executable>
         <run_address>0x2000c8ac</run_address>
         <size>0x4b8</size>
         <alignment>0x2</alignment>
         <input_file_ref idref="fl-2e"/>
      </object_component>
      <object_component id="oc-22b">
         <name>.text.Power_sleep</name>
         <load_address>0x2000cd64</load_address>
         <readonly>true</readonly>
         <executable>true</executable>
         <run_address>0x2000cd64</run_address>
         <size>0x3e4</size>
         <alignment>0x4</alignment>
         <input_file_ref idref="fl-18"/>
      </object_component>
      <object_component id="oc-1df">
         <name>.text.UART2CC32XX_hwiIntFxn</name>
         <load_address>0x2000d148</load_address>
         <readonly>true</readonly>
         <executable>true</executable>
         <run_address>0x2000d148</run_address>
         <size>0x222</size>
         <alignment>0x2</alignment>
         <input_file_ref idref="fl-1d"/>
      </object_component>
      <object_component id="oc-e2">
         <name>.text.Board_initHook</name>
         <load_address>0x2000d36a</load_address>
         <readonly>true</readonly>
         <executable>true</executable>
         <run_address>0x2000d36a</run_address>
         <size>0x2</size>
         <alignment>0x2</alignment>
         <input_file_ref idref="fl-2"/>
      </object_component>
      <object_component id="oc-136">
         <name>.text.UART2_open</name>
         <load_address>0x2000d36c</load_address>
         <readonly>true</readonly>
         <executable>true</executable>
         <run_address>0x2000d36c</run_address>
         <size>0x1cc</size>
         <alignment>0x4</alignment>
         <input_file_ref idref="fl-1d"/>
      </object_component>
      <object_component id="oc-ee">
         <name>.text.initI2C</name>
         <load_address>0x2000d538</load_address>
         <readonly>true</readonly>
         <executable>true</executable>
         <run_address>0x2000d538</run_address>
         <size>0x190</size>
         <alignment>0x4</alignment>
         <input_file_ref idref="fl-1"/>
      </object_component>
      <object_component id="oc-281">
         <name>.text.UART2_writeTimeoutBlocking</name>
         <load_address>0x2000d6c8</load_address>
         <readonly>true</readonly>
         <executable>true</executable>
         <run_address>0x2000d6c8</run_address>
         <size>0x174</size>
         <alignment>0x2</alignment>
         <input_file_ref idref="fl-1c"/>
      </object_component>
      <object_component id="oc-197">
         <name>.text.PowerCC32XX_sleepPolicy</name>
         <load_address>0x2000d83c</load_address>
         <readonly>true</readonly>
         <executable>true</executable>
         <run_address>0x2000d83c</run_address>
         <size>0x150</size>
         <alignment>0x4</alignment>
         <input_file_ref idref="fl-25"/>
      </object_component>
      <object_component id="oc-171">
         <name>.text.Timer_open</name>
         <load_address>0x2000d98c</load_address>
         <readonly>true</readonly>
         <executable>true</executable>
         <run_address>0x2000d98c</run_address>
         <size>0x148</size>
         <alignment>0x4</alignment>
         <input_file_ref idref="fl-1b"/>
      </object_component>
      <object_component id="oc-123">
         <name>.text.GPIO_setConfig</name>
         <load_address>0x2000dad4</load_address>
         <readonly>true</readonly>
         <executable>true</executable>
         <run_address>0x2000dad4</run_address>
         <size>0x140</size>
         <alignment>0x4</alignment>
         <input_file_ref idref="fl-15"/>
      </object_component>
      <object_component id="oc-1f0">
         <name>.text.I2CCC32XX_hwiFxn</name>
         <load_address>0x2000dc14</load_address>
         <readonly>true</readonly>
         <executable>true</executable>
         <run_address>0x2000dc14</run_address>
         <size>0x138</size>
         <alignment>0x2</alignment>
         <input_file_ref idref="fl-17"/>
      </object_component>
      <object_component id="oc-1f9">
         <name>.text.I2C_transferTimeout</name>
         <load_address>0x2000dd4c</load_address>
         <readonly>true</readonly>
         <executable>true</executable>
         <run_address>0x2000dd4c</run_address>
         <size>0x126</size>
         <alignment>0x2</alignment>
         <input_file_ref idref="fl-16"/>
      </object_component>
      <object_component id="oc-13f">
         <name>.text.I2C_init</name>
         <load_address>0x2000de72</load_address>
         <readonly>true</readonly>
         <executable>true</executable>
         <run_address>0x2000de72</run_address>
         <size>0x2</size>
         <alignment>0x2</alignment>
         <input_file_ref idref="fl-16"/>
      </object_component>
      <object_component id="oc-2e3">
         <name>.text.aligned_alloc</name>
         <load_address>0x2000de74</load_address>
         <readonly>true</readonly>
         <executable>true</executable>
         <run_address>0x2000de74</run_address>
         <size>0x120</size>
         <alignment>0x4</alignment>
         <input_file_ref idref="fl-43"/>
      </object_component>
      <object_component id="oc-280">
         <name>.text.UART2_writeTimeoutNonblocking</name>
         <load_address>0x2000df94</load_address>
         <readonly>true</readonly>
         <executable>true</executable>
         <run_address>0x2000df94</run_address>
         <size>0x11a</size>
         <alignment>0x2</alignment>
         <input_file_ref idref="fl-1c"/>
      </object_component>
      <object_component id="oc-2fe">
         <name>.text.uDMAChannelTransferSet</name>
         <load_address>0x2000e0ae</load_address>
         <readonly>true</readonly>
         <executable>true</executable>
         <run_address>0x2000e0ae</run_address>
         <size>0x112</size>
         <alignment>0x2</alignment>
         <input_file_ref idref="fl-33"/>
      </object_component>
      <object_component id="oc-2ba">
         <name>.text.__muldf3</name>
         <load_address>0x2000e1c0</load_address>
         <readonly>true</readonly>
         <executable>true</executable>
         <run_address>0x2000e1c0</run_address>
         <size>0xfc</size>
         <alignment>0x4</alignment>
         <input_file_ref idref="fl-d5"/>
      </object_component>
      <object_component id="oc-19e">
         <name>.text.free</name>
         <load_address>0x2000e2bc</load_address>
         <readonly>true</readonly>
         <executable>true</executable>
         <run_address>0x2000e2bc</run_address>
         <size>0xf0</size>
         <alignment>0x4</alignment>
         <input_file_ref idref="fl-43"/>
      </object_component>
      <object_component id="oc-145">
         <name>.text.I2C_open</name>
         <load_address>0x2000e3ac</load_address>
         <readonly>true</readonly>
         <executable>true</executable>
         <run_address>0x2000e3ac</run_address>
         <size>0xe8</size>
         <alignment>0x4</alignment>
         <input_file_ref idref="fl-17"/>
      </object_component>
      <object_component id="oc-1da">
         <name>.text.UART2_close</name>
         <load_address>0x2000e494</load_address>
         <readonly>true</readonly>
         <executable>true</executable>
         <run_address>0x2000e494</run_address>
         <size>0xe8</size>
         <alignment>0x4</alignment>
         <input_file_ref idref="fl-1d"/>
      </object_component>
      <object_component id="oc-27c">
         <name>.text.UART2Support_dmaStartRx</name>
         <load_address>0x2000e57c</load_address>
         <readonly>true</readonly>
         <executable>true</executable>
         <run_address>0x2000e57c</run_address>
         <size>0xcc</size>
         <alignment>0x4</alignment>
         <input_file_ref idref="fl-1d"/>
      </object_component>
      <object_component id="oc-2f1">
         <name>.text.IntDisable</name>
         <load_address>0x2000e648</load_address>
         <readonly>true</readonly>
         <executable>true</executable>
         <run_address>0x2000e648</run_address>
         <size>0xc8</size>
         <alignment>0x2</alignment>
         <input_file_ref idref="fl-2c"/>
      </object_component>
      <object_component id="oc-265">
         <name>.text.IntEnable</name>
         <load_address>0x2000e710</load_address>
         <readonly>true</readonly>
         <executable>true</executable>
         <run_address>0x2000e710</run_address>
         <size>0xc8</size>
         <alignment>0x2</alignment>
         <input_file_ref idref="fl-2c"/>
      </object_component>
      <object_component id="oc-1d6">
         <name>.text.UART2CC32XX_initHw</name>
         <load_address>0x2000e7d8</load_address>
         <readonly>true</readonly>
         <executable>true</executable>
         <run_address>0x2000e7d8</run_address>
         <size>0xc4</size>
         <alignment>0x4</alignment>
         <input_file_ref idref="fl-1d"/>
      </object_component>
      <object_component id="oc-27f">
         <name>.text.UART2Support_dmaStartTx</name>
         <load_address>0x2000e89c</load_address>
         <readonly>true</readonly>
         <executable>true</executable>
         <run_address>0x2000e89c</run_address>
         <size>0xb8</size>
         <alignment>0x4</alignment>
         <input_file_ref idref="fl-1d"/>
      </object_component>
      <object_component id="oc-2ca">
         <name>.text</name>
         <load_address>0x2000e954</load_address>
         <readonly>true</readonly>
         <executable>true</executable>
         <run_address>0x2000e954</run_address>
         <size>0xb0</size>
         <alignment>0x4</alignment>
         <input_file_ref idref="fl-dd"/>
      </object_component>
      <object_component id="oc-23d">
         <name>.text.GPIOIntTypeSet</name>
         <load_address>0x2000ea04</load_address>
         <readonly>true</readonly>
         <executable>true</executable>
         <run_address>0x2000ea04</run_address>
         <size>0xac</size>
         <alignment>0x2</alignment>
         <input_file_ref idref="fl-29"/>
      </object_component>
      <object_component id="oc-347">
         <name>.text.IntPendSet</name>
         <load_address>0x2000eab0</load_address>
         <readonly>true</readonly>
         <executable>true</executable>
         <run_address>0x2000eab0</run_address>
         <size>0xa4</size>
         <alignment>0x2</alignment>
         <input_file_ref idref="fl-2c"/>
      </object_component>
      <object_component id="oc-1a6">
         <name>.text.PinConfigSet</name>
         <load_address>0x2000eb54</load_address>
         <readonly>true</readonly>
         <executable>true</executable>
         <run_address>0x2000eb54</run_address>
         <size>0xa2</size>
         <alignment>0x2</alignment>
         <input_file_ref idref="fl-2d"/>
      </object_component>
      <object_component id="oc-294">
         <name>.text.I2CCC32XX_completeTransfer</name>
         <load_address>0x2000ebf6</load_address>
         <readonly>true</readonly>
         <executable>true</executable>
         <run_address>0x2000ebf6</run_address>
         <size>0x9c</size>
         <alignment>0x2</alignment>
         <input_file_ref idref="fl-17"/>
      </object_component>
      <object_component id="oc-285">
         <name>.text.I2CMasterInitExpClk</name>
         <load_address>0x2000ec92</load_address>
         <readonly>true</readonly>
         <executable>true</executable>
         <run_address>0x2000ec92</run_address>
         <size>0x98</size>
         <alignment>0x2</alignment>
         <input_file_ref idref="fl-2b"/>
      </object_component>
      <object_component id="oc-192">
         <name>.text.PowerCC32XX_initPolicy</name>
         <load_address>0x2000ed2a</load_address>
         <readonly>true</readonly>
         <executable>true</executable>
         <run_address>0x2000ed2a</run_address>
         <size>0x2</size>
         <alignment>0x2</alignment>
         <input_file_ref idref="fl-25"/>
      </object_component>
      <object_component id="oc-122">
         <name>.text.SemaphoreP_pend</name>
         <load_address>0x2000ed2c</load_address>
         <readonly>true</readonly>
         <executable>true</executable>
         <run_address>0x2000ed2c</run_address>
         <size>0x98</size>
         <alignment>0x4</alignment>
         <input_file_ref idref="fl-22"/>
      </object_component>
      <object_component id="oc-2e1">
         <name>.text.CPUwfi</name>
         <load_address>0x2000edc4</load_address>
         <readonly>true</readonly>
         <executable>true</executable>
         <run_address>0x2000edc4</run_address>
         <size>0xc</size>
         <alignment>0x2</alignment>
         <input_file_ref idref="fl-28"/>
      </object_component>
      <object_component id="oc-2d6">
         <name>.text</name>
         <load_address>0x2000edd0</load_address>
         <readonly>true</readonly>
         <executable>true</executable>
         <run_address>0x2000edd0</run_address>
         <size>0x96</size>
         <alignment>0x10</alignment>
         <input_file_ref idref="fl-19"/>
      </object_component>
      <object_component id="oc-25e">
         <name>.text.uDMAChannelAttributeDisable</name>
         <load_address>0x2000ee66</load_address>
         <readonly>true</readonly>
         <executable>true</executable>
         <run_address>0x2000ee66</run_address>
         <size>0x92</size>
         <alignment>0x2</alignment>
         <input_file_ref idref="fl-33"/>
      </object_component>
      <object_component id="oc-dc">
         <name>.text.GPIO_init</name>
         <load_address>0x2000eef8</load_address>
         <readonly>true</readonly>
         <executable>true</executable>
         <run_address>0x2000eef8</run_address>
         <size>0x90</size>
         <alignment>0x4</alignment>
         <input_file_ref idref="fl-15"/>
      </object_component>
      <object_component id="oc-212">
         <name>.text.readTemp</name>
         <load_address>0x2000ef88</load_address>
         <readonly>true</readonly>
         <executable>true</executable>
         <run_address>0x2000ef88</run_address>
         <size>0x90</size>
         <alignment>0x4</alignment>
         <input_file_ref idref="fl-1"/>
      </object_component>
      <object_component id="oc-101">
         <name>.text.PRCMSysResetCauseGet</name>
         <load_address>0x2000f018</load_address>
         <readonly>true</readonly>
         <executable>true</executable>
         <run_address>0x2000f018</run_address>
         <size>0x8e</size>
         <alignment>0x2</alignment>
         <input_file_ref idref="fl-2e"/>
      </object_component>
      <object_component id="oc-26e">
         <name>.text.SemaphoreP_destruct</name>
         <load_address>0x2000f0a6</load_address>
         <readonly>true</readonly>
         <executable>true</executable>
         <run_address>0x2000f0a6</run_address>
         <size>0x2</size>
         <alignment>0x2</alignment>
         <input_file_ref idref="fl-22"/>
      </object_component>
      <object_component id="oc-113">
         <name>.text.PowerCC32XX_configureWakeup</name>
         <load_address>0x2000f0a8</load_address>
         <readonly>true</readonly>
         <executable>true</executable>
         <run_address>0x2000f0a8</run_address>
         <size>0x88</size>
         <alignment>0x4</alignment>
         <input_file_ref idref="fl-18"/>
      </object_component>
      <object_component id="oc-291">
         <name>.text.I2CCC32XX_primeReadBurst</name>
         <load_address>0x2000f130</load_address>
         <readonly>true</readonly>
         <executable>true</executable>
         <run_address>0x2000f130</run_address>
         <size>0x7a</size>
         <alignment>0x2</alignment>
         <input_file_ref idref="fl-17"/>
      </object_component>
      <object_component id="oc-16a">
         <name>.text.Timer_init</name>
         <load_address>0x2000f1aa</load_address>
         <readonly>true</readonly>
         <executable>true</executable>
         <run_address>0x2000f1aa</run_address>
         <size>0x2</size>
         <alignment>0x2</alignment>
         <input_file_ref idref="fl-1a"/>
      </object_component>
      <object_component id="oc-d7">
         <name>.text.Power_init</name>
         <load_address>0x2000f1ac</load_address>
         <readonly>true</readonly>
         <executable>true</executable>
         <run_address>0x2000f1ac</run_address>
         <size>0x78</size>
         <alignment>0x4</alignment>
         <input_file_ref idref="fl-18"/>
      </object_component>
      <object_component id="oc-1d8">
         <name>.text.HwiP_construct</name>
         <load_address>0x2000f224</load_address>
         <readonly>true</readonly>
         <executable>true</executable>
         <run_address>0x2000f224</run_address>
         <size>0x74</size>
         <alignment>0x4</alignment>
         <input_file_ref idref="fl-24"/>
      </object_component>
      <object_component id="oc-18f">
         <name>.text.PRCMHibernateWakeUpGPIOSelect</name>
         <load_address>0x2000f298</load_address>
         <readonly>true</readonly>
         <executable>true</executable>
         <run_address>0x2000f298</run_address>
         <size>0x74</size>
         <alignment>0x2</alignment>
         <input_file_ref idref="fl-2e"/>
      </object_component>
      <object_component id="oc-253">
         <name>.text.UARTConfigSetExpClk</name>
         <load_address>0x2000f30c</load_address>
         <readonly>true</readonly>
         <executable>true</executable>
         <run_address>0x2000f30c</run_address>
         <size>0x74</size>
         <alignment>0x2</alignment>
         <input_file_ref idref="fl-32"/>
      </object_component>
      <object_component id="oc-17c">
         <name>.text.setHeatMode</name>
         <load_address>0x2000f380</load_address>
         <readonly>true</readonly>
         <executable>true</executable>
         <run_address>0x2000f380</run_address>
         <size>0x70</size>
         <alignment>0x4</alignment>
         <input_file_ref idref="fl-1"/>
      </object_component>
      <object_component id="oc-18">
         <name>.text:decompress:lzss</name>
         <load_address>0x2000f3f0</load_address>
         <readonly>true</readonly>
         <executable>true</executable>
         <run_address>0x2000f3f0</run_address>
         <size>0x70</size>
         <alignment>0x2</alignment>
         <input_file_ref idref="fl-4b"/>
      </object_component>
      <object_component id="oc-2d4">
         <name>.text.PinLockLevelSet</name>
         <load_address>0x2000f460</load_address>
         <readonly>true</readonly>
         <executable>true</executable>
         <run_address>0x2000f460</run_address>
         <size>0x6c</size>
         <alignment>0x2</alignment>
         <input_file_ref idref="fl-2d"/>
      </object_component>
      <object_component id="oc-1a7">
         <name>.text.Power_setDependency</name>
         <load_address>0x2000f4cc</load_address>
         <readonly>true</readonly>
         <executable>true</executable>
         <run_address>0x2000f4cc</run_address>
         <size>0x6c</size>
         <alignment>0x4</alignment>
         <input_file_ref idref="fl-18"/>
      </object_component>
      <object_component id="oc-1d4">
         <name>.text.UDMACC32XX_open</name>
         <load_address>0x2000f538</load_address>
         <readonly>true</readonly>
         <executable>true</executable>
         <run_address>0x2000f538</run_address>
         <size>0x6c</size>
         <alignment>0x4</alignment>
         <input_file_ref idref="fl-20"/>
      </object_component>
      <object_component id="oc-12a">
         <name>.text.powerNotifyFxn</name>
         <load_address>0x2000f5a4</load_address>
         <readonly>true</readonly>
         <executable>true</executable>
         <run_address>0x2000f5a4</run_address>
         <size>0x6c</size>
         <alignment>0x4</alignment>
         <input_file_ref idref="fl-15"/>
      </object_component>
      <object_component id="oc-348">
         <name>.text.split</name>
         <load_address>0x2000f610</load_address>
         <readonly>true</readonly>
         <executable>true</executable>
         <run_address>0x2000f610</run_address>
         <size>0x6c</size>
         <alignment>0x4</alignment>
         <input_file_ref idref="fl-43"/>
      </object_component>
      <object_component id="oc-109">
         <name>.text.PRCMPeripheralReset</name>
         <load_address>0x2000f67c</load_address>
         <readonly>true</readonly>
         <executable>true</executable>
         <run_address>0x2000f67c</run_address>
         <size>0x6a</size>
         <alignment>0x2</alignment>
         <input_file_ref idref="fl-2e"/>
      </object_component>
      <object_component id="oc-1dd">
         <name>.text.UART2CC32XX_eventCallback</name>
         <load_address>0x2000f6e6</load_address>
         <readonly>true</readonly>
         <executable>true</executable>
         <run_address>0x2000f6e6</run_address>
         <size>0x2</size>
         <alignment>0x2</alignment>
         <input_file_ref idref="fl-1d"/>
      </object_component>
      <object_component id="oc-1eb">
         <name>.text.I2CCC32XX_initHw</name>
         <load_address>0x2000f6e8</load_address>
         <readonly>true</readonly>
         <executable>true</executable>
         <run_address>0x2000f6e8</run_address>
         <size>0x68</size>
         <alignment>0x4</alignment>
         <input_file_ref idref="fl-17"/>
      </object_component>
      <object_component id="oc-262">
         <name>.text.IntPendClear</name>
         <load_address>0x2000f750</load_address>
         <readonly>true</readonly>
         <executable>true</executable>
         <run_address>0x2000f750</run_address>
         <size>0x68</size>
         <alignment>0x2</alignment>
         <input_file_ref idref="fl-2c"/>
      </object_component>
      <object_component id="oc-292">
         <name>.text.I2CCC32XX_primeWriteBurst</name>
         <load_address>0x2000f7b8</load_address>
         <readonly>true</readonly>
         <executable>true</executable>
         <run_address>0x2000f7b8</run_address>
         <size>0x66</size>
         <alignment>0x2</alignment>
         <input_file_ref idref="fl-17"/>
      </object_component>
      <object_component id="oc-336">
         <name>.text.__aeabi_ldiv0</name>
         <load_address>0x2000f81e</load_address>
         <readonly>true</readonly>
         <executable>true</executable>
         <run_address>0x2000f81e</run_address>
         <size>0x2</size>
         <alignment>0x2</alignment>
         <input_file_ref idref="fl-df"/>
      </object_component>
      <object_component id="oc-b0">
         <name>.text.mainThread</name>
         <load_address>0x2000f820</load_address>
         <readonly>true</readonly>
         <executable>true</executable>
         <run_address>0x2000f820</run_address>
         <size>0x64</size>
         <alignment>0x4</alignment>
         <input_file_ref idref="fl-1"/>
      </object_component>
      <object_component id="oc-160">
         <name>.text.GPIO_write</name>
         <load_address>0x2000f884</load_address>
         <readonly>true</readonly>
         <executable>true</executable>
         <run_address>0x2000f884</run_address>
         <size>0x60</size>
         <alignment>0x4</alignment>
         <input_file_ref idref="fl-15"/>
      </object_component>
      <object_component id="oc-27e">
         <name>.text.UART2Support_dmaStopTx</name>
         <load_address>0x2000f8e4</load_address>
         <readonly>true</readonly>
         <executable>true</executable>
         <run_address>0x2000f8e4</run_address>
         <size>0x60</size>
         <alignment>0x2</alignment>
         <input_file_ref idref="fl-1d"/>
      </object_component>
      <object_component id="oc-342">
         <name>.text.FlashDisable</name>
         <load_address>0x2000f944</load_address>
         <readonly>true</readonly>
         <executable>true</executable>
         <run_address>0x2000f944</run_address>
         <size>0x5c</size>
         <alignment>0x2</alignment>
         <input_file_ref idref="fl-35"/>
      </object_component>
      <object_component id="oc-29f">
         <name>.text.I2CSupport_primeTransfer</name>
         <load_address>0x2000f9a0</load_address>
         <readonly>true</readonly>
         <executable>true</executable>
         <run_address>0x2000f9a0</run_address>
         <size>0x5c</size>
         <alignment>0x2</alignment>
         <input_file_ref idref="fl-17"/>
      </object_component>
      <object_component id="oc-191">
         <name>.text.PRCMHibernateWakeupSourceDisable</name>
         <load_address>0x2000f9fc</load_address>
         <readonly>true</readonly>
         <executable>true</executable>
         <run_address>0x2000f9fc</run_address>
         <size>0x5c</size>
         <alignment>0x2</alignment>
         <input_file_ref idref="fl-2e"/>
      </object_component>
      <object_component id="oc-204">
         <name>.text.TimerCC32XX_allocateTimerResource</name>
         <load_address>0x2000fa58</load_address>
         <readonly>true</readonly>
         <executable>true</executable>
         <run_address>0x2000fa58</run_address>
         <size>0x5c</size>
         <alignment>0x4</alignment>
         <input_file_ref idref="fl-1b"/>
      </object_component>
      <object_component id="oc-ef">
         <name>.text.initGPIO</name>
         <load_address>0x2000fab4</load_address>
         <readonly>true</readonly>
         <executable>true</executable>
         <run_address>0x2000fab4</run_address>
         <size>0x5c</size>
         <alignment>0x4</alignment>
         <input_file_ref idref="fl-1"/>
      </object_component>
      <object_component id="oc-108">
         <name>.text.PRCMPeripheralClkEnable</name>
         <load_address>0x2000fb10</load_address>
         <readonly>true</readonly>
         <executable>true</executable>
         <run_address>0x2000fb10</run_address>
         <size>0x5a</size>
         <alignment>0x2</alignment>
         <input_file_ref idref="fl-2e"/>
      </object_component>
      <object_component id="oc-17d">
         <name>.text._nop</name>
         <load_address>0x2000fb6a</load_address>
         <readonly>true</readonly>
         <executable>true</executable>
         <run_address>0x2000fb6a</run_address>
         <size>0x2</size>
         <alignment>0x2</alignment>
         <input_file_ref idref="fl-50"/>
      </object_component>
      <object_component id="oc-2c8">
         <name>.text.ClockP_startup</name>
         <load_address>0x2000fb6c</load_address>
         <readonly>true</readonly>
         <executable>true</executable>
         <run_address>0x2000fb6c</run_address>
         <size>0x58</size>
         <alignment>0x4</alignment>
         <input_file_ref idref="fl-23"/>
      </object_component>
      <object_component id="oc-264">
         <name>.text.IntPrioritySet</name>
         <load_address>0x2000fbc4</load_address>
         <readonly>true</readonly>
         <executable>true</executable>
         <run_address>0x2000fbc4</run_address>
         <size>0x58</size>
         <alignment>0x2</alignment>
         <input_file_ref idref="fl-2c"/>
      </object_component>
      <object_component id="oc-2e0">
         <name>.text.PRCMLPDSEnter</name>
         <load_address>0x2000fc1c</load_address>
         <readonly>true</readonly>
         <executable>true</executable>
         <run_address>0x2000fc1c</run_address>
         <size>0x56</size>
         <alignment>0x2</alignment>
         <input_file_ref idref="fl-2e"/>
      </object_component>
      <object_component id="oc-57">
         <name>.text.busFaultHandler</name>
         <load_address>0x2000fc72</load_address>
         <readonly>true</readonly>
         <executable>true</executable>
         <run_address>0x2000fc72</run_address>
         <size>0x2</size>
         <alignment>0x2</alignment>
         <input_file_ref idref="fl-26"/>
      </object_component>
      <object_component id="oc-1c0">
         <name>.text.PowerCC32XX_setParkState</name>
         <load_address>0x2000fc74</load_address>
         <readonly>true</readonly>
         <executable>true</executable>
         <run_address>0x2000fc74</run_address>
         <size>0x54</size>
         <alignment>0x4</alignment>
         <input_file_ref idref="fl-18"/>
      </object_component>
      <object_component id="oc-271">
         <name>.text.Power_releaseDependency</name>
         <load_address>0x2000fcc8</load_address>
         <readonly>true</readonly>
         <executable>true</executable>
         <run_address>0x2000fcc8</run_address>
         <size>0x54</size>
         <alignment>0x4</alignment>
         <input_file_ref idref="fl-18"/>
      </object_component>
      <object_component id="oc-1b4">
         <name>.text.GPIO_hwiIntFxn</name>
         <load_address>0x2000fd1c</load_address>
         <readonly>true</readonly>
         <executable>true</executable>
         <run_address>0x2000fd1c</run_address>
         <size>0x50</size>
         <alignment>0x4</alignment>
         <input_file_ref idref="fl-15"/>
      </object_component>
      <object_component id="oc-190">
         <name>.text.PRCMHibernateWakeupSourceEnable</name>
         <load_address>0x2000fd6c</load_address>
         <readonly>true</readonly>
         <executable>true</executable>
         <run_address>0x2000fd6c</run_address>
         <size>0x50</size>
         <alignment>0x2</alignment>
         <input_file_ref idref="fl-2e"/>
      </object_component>
      <object_component id="oc-235">
         <name>.text.SemaphoreP_construct</name>
         <load_address>0x2000fdbc</load_address>
         <readonly>true</readonly>
         <executable>true</executable>
         <run_address>0x2000fdbc</run_address>
         <size>0x50</size>
         <alignment>0x4</alignment>
         <input_file_ref idref="fl-22"/>
      </object_component>
      <object_component id="oc-25d">
         <name>.text.uDMAChannelAssign</name>
         <load_address>0x2000fe0c</load_address>
         <readonly>true</readonly>
         <executable>true</executable>
         <run_address>0x2000fe0c</run_address>
         <size>0x4e</size>
         <alignment>0x2</alignment>
         <input_file_ref idref="fl-33"/>
      </object_component>
      <object_component id="oc-1a5">
         <name>.text.clkFxn</name>
         <load_address>0x2000fe5a</load_address>
         <readonly>true</readonly>
         <executable>true</executable>
         <run_address>0x2000fe5a</run_address>
         <size>0x2</size>
         <alignment>0x2</alignment>
         <input_file_ref idref="fl-22"/>
      </object_component>
      <object_component id="oc-1b0">
         <name>.text.GPIO_setInterruptConfig</name>
         <load_address>0x2000fe5c</load_address>
         <readonly>true</readonly>
         <executable>true</executable>
         <run_address>0x2000fe5c</run_address>
         <size>0x4c</size>
         <alignment>0x4</alignment>
         <input_file_ref idref="fl-15"/>
      </object_component>
      <object_component id="oc-340">
         <name>.text.PRCMLPDSRestoreInfoSet</name>
         <load_address>0x2000fea8</load_address>
         <readonly>true</readonly>
         <executable>true</executable>
         <run_address>0x2000fea8</run_address>
         <size>0x4c</size>
         <alignment>0x2</alignment>
         <input_file_ref idref="fl-2e"/>
      </object_component>
      <object_component id="oc-208">
         <name>.text.initHw</name>
         <load_address>0x2000fef4</load_address>
         <readonly>true</readonly>
         <executable>true</executable>
         <run_address>0x2000fef4</run_address>
         <size>0x4c</size>
         <alignment>0x2</alignment>
         <input_file_ref idref="fl-1b"/>
      </object_component>
      <object_component id="oc-27a">
         <name>.text.UART2Support_dmaStopRx</name>
         <load_address>0x2000ff40</load_address>
         <readonly>true</readonly>
         <executable>true</executable>
         <run_address>0x2000ff40</run_address>
         <size>0x4a</size>
         <alignment>0x2</alignment>
         <input_file_ref idref="fl-1d"/>
      </object_component>
      <object_component id="oc-207">
         <name>.text.getPrescaler</name>
         <load_address>0x2000ff8a</load_address>
         <readonly>true</readonly>
         <executable>true</executable>
         <run_address>0x2000ff8a</run_address>
         <size>0x4a</size>
         <alignment>0x2</alignment>
         <input_file_ref idref="fl-1b"/>
      </object_component>
      <object_component id="oc-2f8">
         <name>.text.uDMAChannelSizeGet</name>
         <load_address>0x2000ffd4</load_address>
         <readonly>true</readonly>
         <executable>true</executable>
         <run_address>0x2000ffd4</run_address>
         <size>0x4a</size>
         <alignment>0x2</alignment>
         <input_file_ref idref="fl-33"/>
      </object_component>
      <object_component id="oc-56">
         <name>.text.defaultHandler</name>
         <load_address>0x2001001e</load_address>
         <readonly>true</readonly>
         <executable>true</executable>
         <run_address>0x2001001e</run_address>
         <size>0x2</size>
         <alignment>0x2</alignment>
         <input_file_ref idref="fl-26"/>
      </object_component>
      <object_component id="oc-58">
         <name>.text.ClockP_sysTickHandler</name>
         <load_address>0x20010020</load_address>
         <readonly>true</readonly>
         <executable>true</executable>
         <run_address>0x20010020</run_address>
         <size>0x48</size>
         <alignment>0x4</alignment>
         <input_file_ref idref="fl-23"/>
      </object_component>
      <object_component id="oc-2da">
         <name>.text.PRCMIntEnable</name>
         <load_address>0x20010068</load_address>
         <readonly>true</readonly>
         <executable>true</executable>
         <run_address>0x20010068</run_address>
         <size>0x48</size>
         <alignment>0x2</alignment>
         <input_file_ref idref="fl-2e"/>
      </object_component>
      <object_component id="oc-23a">
         <name>.text.PRCMPeripheralStatusGet</name>
         <load_address>0x200100b0</load_address>
         <readonly>true</readonly>
         <executable>true</executable>
         <run_address>0x200100b0</run_address>
         <size>0x48</size>
         <alignment>0x2</alignment>
         <input_file_ref idref="fl-2e"/>
      </object_component>
      <object_component id="oc-33d">
         <name>.text.PinConfigGet</name>
         <load_address>0x200100f8</load_address>
         <readonly>true</readonly>
         <executable>true</executable>
         <run_address>0x200100f8</run_address>
         <size>0x48</size>
         <alignment>0x2</alignment>
         <input_file_ref idref="fl-2d"/>
      </object_component>
      <object_component id="oc-2be">
         <name>.text.__fixdfsi</name>
         <load_address>0x20010140</load_address>
         <readonly>true</readonly>
         <executable>true</executable>
         <run_address>0x20010140</run_address>
         <size>0x48</size>
         <alignment>0x4</alignment>
         <input_file_ref idref="fl-d7"/>
      </object_component>
      <object_component id="oc-290">
         <name>.text.I2CCC32XX_fillTransmitFifo</name>
         <load_address>0x20010188</load_address>
         <readonly>true</readonly>
         <executable>true</executable>
         <run_address>0x20010188</run_address>
         <size>0x46</size>
         <alignment>0x2</alignment>
         <input_file_ref idref="fl-17"/>
      </object_component>
      <object_component id="oc-2df">
         <name>.text.PRCMLPDSEnterKeepDebugIf</name>
         <load_address>0x200101ce</load_address>
         <readonly>true</readonly>
         <executable>true</executable>
         <run_address>0x200101ce</run_address>
         <size>0x46</size>
         <alignment>0x2</alignment>
         <input_file_ref idref="fl-2e"/>
      </object_component>
      <object_component id="oc-2f6">
         <name>.text.RingBuf_put</name>
         <load_address>0x20010214</load_address>
         <readonly>true</readonly>
         <executable>true</executable>
         <run_address>0x20010214</run_address>
         <size>0x46</size>
         <alignment>0x2</alignment>
         <input_file_ref idref="fl-1f"/>
      </object_component>
      <object_component id="oc-1aa">
         <name>.text.GPIODirModeSet</name>
         <load_address>0x2001025a</load_address>
         <readonly>true</readonly>
         <executable>true</executable>
         <run_address>0x2001025a</run_address>
         <size>0x44</size>
         <alignment>0x2</alignment>
         <input_file_ref idref="fl-29"/>
      </object_component>
      <object_component id="oc-55">
         <name>.text.faultISR</name>
         <load_address>0x2001029e</load_address>
         <readonly>true</readonly>
         <executable>true</executable>
         <run_address>0x2001029e</run_address>
         <size>0x2</size>
         <alignment>0x2</alignment>
         <input_file_ref idref="fl-26"/>
      </object_component>
      <object_component id="oc-23e">
         <name>.text.GPIO_disableInt</name>
         <load_address>0x200102a0</load_address>
         <readonly>true</readonly>
         <executable>true</executable>
         <run_address>0x200102a0</run_address>
         <size>0x44</size>
         <alignment>0x4</alignment>
         <input_file_ref idref="fl-15"/>
      </object_component>
      <object_component id="oc-166">
         <name>.text.GPIO_enableInt</name>
         <load_address>0x200102e4</load_address>
         <readonly>true</readonly>
         <executable>true</executable>
         <run_address>0x200102e4</run_address>
         <size>0x44</size>
         <alignment>0x4</alignment>
         <input_file_ref idref="fl-15"/>
      </object_component>
      <object_component id="oc-27d">
         <name>.text.Power_releaseConstraint</name>
         <load_address>0x20010328</load_address>
         <readonly>true</readonly>
         <executable>true</executable>
         <run_address>0x20010328</run_address>
         <size>0x44</size>
         <alignment>0x4</alignment>
         <input_file_ref idref="fl-18"/>
      </object_component>
      <object_component id="oc-177">
         <name>.text.Timer_start</name>
         <load_address>0x2001036c</load_address>
         <readonly>true</readonly>
         <executable>true</executable>
         <run_address>0x2001036c</run_address>
         <size>0x44</size>
         <alignment>0x2</alignment>
         <input_file_ref idref="fl-1a"/>
      </object_component>
      <object_component id="oc-7d">
         <name>.text.addToList</name>
         <load_address>0x200103b0</load_address>
         <readonly>true</readonly>
         <executable>true</executable>
         <run_address>0x200103b0</run_address>
         <size>0x44</size>
         <alignment>0x4</alignment>
         <input_file_ref idref="fl-23"/>
      </object_component>
      <object_component id="oc-f0">
         <name>.text.initTimer</name>
         <load_address>0x200103f4</load_address>
         <readonly>true</readonly>
         <executable>true</executable>
         <run_address>0x200103f4</run_address>
         <size>0x44</size>
         <alignment>0x4</alignment>
         <input_file_ref idref="fl-1"/>
      </object_component>
      <object_component id="oc-14b">
         <name>.text.snprintf</name>
         <load_address>0x20010438</load_address>
         <readonly>true</readonly>
         <executable>true</executable>
         <run_address>0x20010438</run_address>
         <size>0x44</size>
         <alignment>0x4</alignment>
         <input_file_ref idref="fl-42"/>
      </object_component>
      <object_component id="oc-110">
         <name>.text.PinModeSet</name>
         <load_address>0x2001047c</load_address>
         <readonly>true</readonly>
         <executable>true</executable>
         <run_address>0x2001047c</run_address>
         <size>0x42</size>
         <alignment>0x2</alignment>
         <input_file_ref idref="fl-2d"/>
      </object_component>
      <object_component id="oc-2af">
         <name>.text.TimerControlStall</name>
         <load_address>0x200104be</load_address>
         <readonly>true</readonly>
         <executable>true</executable>
         <run_address>0x200104be</run_address>
         <size>0x42</size>
         <alignment>0x2</alignment>
         <input_file_ref idref="fl-31"/>
      </object_component>
      <object_component id="oc-206">
         <name>.text.Timer_close</name>
         <load_address>0x20010500</load_address>
         <readonly>true</readonly>
         <executable>true</executable>
         <run_address>0x20010500</run_address>
         <size>0x42</size>
         <alignment>0x2</alignment>
         <input_file_ref idref="fl-1b"/>
      </object_component>
      <object_component id="oc-220">
         <name>.text.getCountsRTC</name>
         <load_address>0x20010542</load_address>
         <readonly>true</readonly>
         <executable>true</executable>
         <run_address>0x20010542</run_address>
         <size>0x42</size>
         <alignment>0x2</alignment>
         <input_file_ref idref="fl-25"/>
      </object_component>
      <object_component id="oc-125">
         <name>.text.SemaphoreP_post</name>
         <load_address>0x20010584</load_address>
         <readonly>true</readonly>
         <executable>true</executable>
         <run_address>0x20010584</run_address>
         <size>0x40</size>
         <alignment>0x4</alignment>
         <input_file_ref idref="fl-22"/>
      </object_component>
      <object_component id="oc-2a5">
         <name>.text.Timer_stop</name>
         <load_address>0x200105c4</load_address>
         <readonly>true</readonly>
         <executable>true</executable>
         <run_address>0x200105c4</run_address>
         <size>0x40</size>
         <alignment>0x2</alignment>
         <input_file_ref idref="fl-1a"/>
      </object_component>
      <object_component id="oc-317">
         <name>.text.atoi</name>
         <load_address>0x20010604</load_address>
         <readonly>true</readonly>
         <executable>true</executable>
         <run_address>0x20010604</run_address>
         <size>0x40</size>
         <alignment>0x4</alignment>
         <input_file_ref idref="fl-54"/>
      </object_component>
      <object_component id="oc-2fd">
         <name>.text.uDMAChannelControlSet</name>
         <load_address>0x20010644</load_address>
         <readonly>true</readonly>
         <executable>true</executable>
         <run_address>0x20010644</run_address>
         <size>0x40</size>
         <alignment>0x2</alignment>
         <input_file_ref idref="fl-33"/>
      </object_component>
      <object_component id="oc-33f">
         <name>.text.PinDirModeSet</name>
         <load_address>0x20010684</load_address>
         <readonly>true</readonly>
         <executable>true</executable>
         <run_address>0x20010684</run_address>
         <size>0x3e</size>
         <alignment>0x2</alignment>
         <input_file_ref idref="fl-2d"/>
      </object_component>
      <object_component id="oc-54">
         <name>.text.nmiISR</name>
         <load_address>0x200106c2</load_address>
         <readonly>true</readonly>
         <executable>true</executable>
         <run_address>0x200106c2</run_address>
         <size>0x2</size>
         <alignment>0x2</alignment>
         <input_file_ref idref="fl-26"/>
      </object_component>
      <object_component id="oc-239">
         <name>.text.ClockP_stop</name>
         <load_address>0x200106c4</load_address>
         <readonly>true</readonly>
         <executable>true</executable>
         <run_address>0x200106c4</run_address>
         <size>0x3c</size>
         <alignment>0x4</alignment>
         <input_file_ref idref="fl-23"/>
      </object_component>
      <object_component id="oc-1cf">
         <name>.text.UDMACC32XX_init</name>
         <load_address>0x20010700</load_address>
         <readonly>true</readonly>
         <executable>true</executable>
         <run_address>0x20010700</run_address>
         <size>0x3c</size>
         <alignment>0x4</alignment>
         <input_file_ref idref="fl-20"/>
      </object_component>
      <object_component id="oc-210">
         <name>.text.TimerSupport_timerEnable</name>
         <load_address>0x2001073c</load_address>
         <readonly>true</readonly>
         <executable>true</executable>
         <run_address>0x2001073c</run_address>
         <size>0x3a</size>
         <alignment>0x2</alignment>
         <input_file_ref idref="fl-1b"/>
      </object_component>
      <object_component id="oc-1a4">
         <name>.text.ClockP_destruct</name>
         <load_address>0x20010778</load_address>
         <readonly>true</readonly>
         <executable>true</executable>
         <run_address>0x20010778</run_address>
         <size>0x38</size>
         <alignment>0x4</alignment>
         <input_file_ref idref="fl-23"/>
      </object_component>
      <object_component id="oc-2b4">
         <name>.text.Power_setConstraint</name>
         <load_address>0x200107b0</load_address>
         <readonly>true</readonly>
         <executable>true</executable>
         <run_address>0x200107b0</run_address>
         <size>0x38</size>
         <alignment>0x4</alignment>
         <input_file_ref idref="fl-18"/>
      </object_component>
      <object_component id="oc-2fa">
         <name>.text.RingBuf_putAdvance</name>
         <load_address>0x200107e8</load_address>
         <readonly>true</readonly>
         <executable>true</executable>
         <run_address>0x200107e8</run_address>
         <size>0x38</size>
         <alignment>0x2</alignment>
         <input_file_ref idref="fl-1f"/>
      </object_component>
      <object_component id="oc-231">
         <name>.text.SwiP_restore</name>
         <load_address>0x20010820</load_address>
         <readonly>true</readonly>
         <executable>true</executable>
         <run_address>0x20010820</run_address>
         <size>0x38</size>
         <alignment>0x4</alignment>
         <input_file_ref idref="fl-27"/>
      </object_component>
      <object_component id="oc-26f">
         <name>.text.UDMACC32XX_close</name>
         <load_address>0x20010858</load_address>
         <readonly>true</readonly>
         <executable>true</executable>
         <run_address>0x20010858</run_address>
         <size>0x38</size>
         <alignment>0x4</alignment>
         <input_file_ref idref="fl-20"/>
      </object_component>
      <object_component id="oc-17a">
         <name>.text.adjustSetPointTemperature</name>
         <load_address>0x20010890</load_address>
         <readonly>true</readonly>
         <executable>true</executable>
         <run_address>0x20010890</run_address>
         <size>0x38</size>
         <alignment>0x4</alignment>
         <input_file_ref idref="fl-1"/>
      </object_component>
      <object_component id="oc-bf">
         <name>.text:__TI_auto_init_nobinit_nopinit</name>
         <load_address>0x200108c8</load_address>
         <readonly>true</readonly>
         <executable>true</executable>
         <run_address>0x200108c8</run_address>
         <size>0x38</size>
         <alignment>0x4</alignment>
         <input_file_ref idref="fl-46"/>
      </object_component>
      <object_component id="oc-2d5">
         <name>.text.PinLock</name>
         <load_address>0x20010900</load_address>
         <readonly>true</readonly>
         <executable>true</executable>
         <run_address>0x20010900</run_address>
         <size>0x36</size>
         <alignment>0x2</alignment>
         <input_file_ref idref="fl-2d"/>
      </object_component>
      <object_component id="oc-20d">
         <name>.text.TimerCC32XX_hwiIntFunction</name>
         <load_address>0x20010936</load_address>
         <readonly>true</readonly>
         <executable>true</executable>
         <run_address>0x20010936</run_address>
         <size>0x36</size>
         <alignment>0x2</alignment>
         <input_file_ref idref="fl-1b"/>
      </object_component>
      <object_component id="oc-34f">
         <name>.text.UARTCharPutNonBlocking</name>
         <load_address>0x2001096c</load_address>
         <readonly>true</readonly>
         <executable>true</executable>
         <run_address>0x2001096c</run_address>
         <size>0x36</size>
         <alignment>0x2</alignment>
         <input_file_ref idref="fl-32"/>
      </object_component>
      <object_component id="oc-1a1">
         <name>.text.ClockP_start</name>
         <load_address>0x200109a4</load_address>
         <readonly>true</readonly>
         <executable>true</executable>
         <run_address>0x200109a4</run_address>
         <size>0x34</size>
         <alignment>0x4</alignment>
         <input_file_ref idref="fl-23"/>
      </object_component>
      <object_component id="oc-309">
         <name>.text.I2CFIFODataPutNonBlocking</name>
         <load_address>0x200109d8</load_address>
         <readonly>true</readonly>
         <executable>true</executable>
         <run_address>0x200109d8</run_address>
         <size>0x34</size>
         <alignment>0x2</alignment>
         <input_file_ref idref="fl-2b"/>
      </object_component>
      <object_component id="oc-33e">
         <name>.text.PinDirModeGet</name>
         <load_address>0x20010a0c</load_address>
         <readonly>true</readonly>
         <executable>true</executable>
         <run_address>0x20010a0c</run_address>
         <size>0x34</size>
         <alignment>0x2</alignment>
         <input_file_ref idref="fl-2d"/>
      </object_component>
      <object_component id="oc-10b">
         <name>.text.PinModeGet</name>
         <load_address>0x20010a40</load_address>
         <readonly>true</readonly>
         <executable>true</executable>
         <run_address>0x20010a40</run_address>
         <size>0x34</size>
         <alignment>0x2</alignment>
         <input_file_ref idref="fl-2d"/>
      </object_component>
      <object_component id="oc-2d3">
         <name>.text.PowerCC32XX_parkPin</name>
         <load_address>0x20010a74</load_address>
         <readonly>true</readonly>
         <executable>true</executable>
         <run_address>0x20010a74</run_address>
         <size>0x34</size>
         <alignment>0x2</alignment>
         <input_file_ref idref="fl-18"/>
      </object_component>
      <object_component id="oc-2a7">
         <name>.text.TimerCC32XX_freeTimerResource</name>
[...]
         <object_component_ref idref="oc-273"/>
      </symbol>
      <symbol id="sm-53c">
         <name>PinTypeI2C</name>
         <value>0x20011259</value>
         <object_component_ref idref="oc-1ea"/>
      </symbol>
      <symbol id="sm-53d">
         <name>PinTypeUART</name>
         <value>0x20011319</value>
         <object_component_ref idref="oc-246"/>
      </symbol>
      <symbol id="sm-53e">
         <name>PinUnlock</name>
         <value>0x200111d3</value>
         <object_component_ref idref="oc-2db"/>
      </symbol>
      <symbol id="sm-5f0">
         <name>PRCMCC3200MCUInit</name>
         <value>0x2000c8ad</value>
         <object_component_ref idref="oc-d2"/>
      </symbol>
      <symbol id="sm-5f1">
         <name>PRCMHIBRegRead</name>
         <value>0x200114af</value>
         <object_component_ref idref="oc-107"/>
      </symbol>
      <symbol id="sm-5f2">
         <name>PRCMHIBRegWrite</name>
         <value>0x200114c9</value>
         <object_component_ref idref="oc-106"/>
      </symbol>
      <symbol id="sm-5f3">
         <name>PRCMHibernateWakeUpGPIOSelect</name>
         <value>0x2000f299</value>
         <object_component_ref idref="oc-18f"/>
      </symbol>
      <symbol id="sm-5f4">
         <name>PRCMHibernateWakeupSourceDisable</name>
         <value>0x2000f9fd</value>
         <object_component_ref idref="oc-191"/>
      </symbol>
      <symbol id="sm-5f5">
         <name>PRCMHibernateWakeupSourceEnable</name>
         <value>0x2000fd6d</value>
         <object_component_ref idref="oc-190"/>
      </symbol>
      <symbol id="sm-5f6">
         <name>PRCMIntEnable</name>
         <value>0x20010069</value>
         <object_component_ref idref="oc-2da"/>
      </symbol>
      <symbol id="sm-5f7">
         <name>PRCMLPDSEnter</name>
         <value>0x2000fc1d</value>
         <object_component_ref idref="oc-2e0"/>
      </symbol>
      <symbol id="sm-5f8">
         <name>PRCMLPDSEnterKeepDebugIf</name>
         <value>0x200101cf</value>
         <object_component_ref idref="oc-2df"/>
      </symbol>
      <symbol id="sm-5f9">
         <name>PRCMLPDSIntervalSet</name>
         <value>0x20010bd9</value>
         <object_component_ref idref="oc-22a"/>
      </symbol>
      <symbol id="sm-5fa">
         <name>PRCMLPDSRestoreInfoSet</name>
         <value>0x2000fea9</value>
         <object_component_ref idref="oc-340"/>
      </symbol>
      <symbol id="sm-5fb">
         <name>PRCMLPDSWakeUpGPIOSelect</name>
         <value>0x20010e61</value>
         <object_component_ref idref="oc-18e"/>
      </symbol>
      <symbol id="sm-5fc">
         <name>PRCMLPDSWakeupCauseGet</name>
         <value>0x20011a41</value>
         <object_component_ref idref="oc-2dd"/>
      </symbol>
      <symbol id="sm-5fd">
         <name>PRCMLPDSWakeupSourceDisable</name>
         <value>0x200114e3</value>
         <object_component_ref idref="oc-18d"/>
      </symbol>
      <symbol id="sm-5fe">
         <name>PRCMLPDSWakeupSourceEnable</name>
         <value>0x200110b5</value>
         <object_component_ref idref="oc-18c"/>
      </symbol>
      <symbol id="sm-5ff">
         <name>PRCMPeripheralClkDisable</name>
         <value>0x20010e8b</value>
         <object_component_ref idref="oc-10a"/>
      </symbol>
      <symbol id="sm-600">
         <name>PRCMPeripheralClkEnable</name>
         <value>0x2000fb11</value>
         <object_component_ref idref="oc-108"/>
      </symbol>
      <symbol id="sm-601">
         <name>PRCMPeripheralReset</name>
         <value>0x2000f67d</value>
         <object_component_ref idref="oc-109"/>
      </symbol>
      <symbol id="sm-602">
         <name>PRCMPeripheralStatusGet</name>
         <value>0x200100b1</value>
         <object_component_ref idref="oc-23a"/>
      </symbol>
      <symbol id="sm-603">
         <name>PRCMSRAMRetentionEnable</name>
         <value>0x20010fa7</value>
         <object_component_ref idref="oc-2d2"/>
      </symbol>
      <symbol id="sm-604">
         <name>PRCMSleepEnter</name>
         <value>0x20011b35</value>
         <object_component_ref idref="oc-230"/>
      </symbol>
      <symbol id="sm-605">
         <name>PRCMSlowClkCtrFastGet</name>
         <value>0x20010c09</value>
         <object_component_ref idref="oc-2c9"/>
      </symbol>
      <symbol id="sm-606">
         <name>PRCMSysResetCauseGet</name>
         <value>0x2000f019</value>
         <object_component_ref idref="oc-101"/>
      </symbol>
      <symbol id="sm-624">
         <name>SysTickEnable</name>
         <value>0x2001181b</value>
         <object_component_ref idref="oc-22e"/>
      </symbol>
      <symbol id="sm-625">
         <name>SysTickIntDisable</name>
         <value>0x2001182d</value>
         <object_component_ref idref="oc-225"/>
      </symbol>
      <symbol id="sm-626">
         <name>SysTickIntEnable</name>
         <value>0x2001183f</value>
         <object_component_ref idref="oc-22f"/>
      </symbol>
      <symbol id="sm-627">
         <name>SysTickPeriodSet</name>
         <value>0x20011601</value>
         <object_component_ref idref="oc-22d"/>
      </symbol>
      <symbol id="sm-666">
         <name>TimerControlStall</name>
         <value>0x200104bf</value>
         <object_component_ref idref="oc-2af"/>
      </symbol>
      <symbol id="sm-667">
         <name>TimerDisable</name>
         <value>0x200112f9</value>
         <object_component_ref idref="oc-2a8"/>
      </symbol>
      <symbol id="sm-668">
         <name>TimerEnable</name>
         <value>0x20011517</value>
         <object_component_ref idref="oc-2b5"/>
      </symbol>
      <symbol id="sm-669">
         <name>TimerIntClear</name>
         <value>0x20011905</value>
         <object_component_ref idref="oc-2b2"/>
      </symbol>
      <symbol id="sm-66a">
         <name>TimerIntDisable</name>
         <value>0x20011617</value>
         <object_component_ref idref="oc-383"/>
      </symbol>
      <symbol id="sm-66b">
         <name>TimerIntEnable</name>
         <value>0x20011725</value>
         <object_component_ref idref="oc-2b3"/>
      </symbol>
      <symbol id="sm-66c">
         <name>TimerLoadSet</name>
         <value>0x20010c39</value>
         <object_component_ref idref="oc-2ae"/>
      </symbol>
      <symbol id="sm-66d">
         <name>TimerPrescaleSet</name>
         <value>0x20010c69</value>
         <object_component_ref idref="oc-2ad"/>
      </symbol>
      <symbol id="sm-6d7">
         <name>UARTBusy</name>
         <value>0x20011935</value>
         <object_component_ref idref="oc-350"/>
      </symbol>
      <symbol id="sm-6d8">
         <name>UARTCharPutNonBlocking</name>
         <value>0x2001096d</value>
         <object_component_ref idref="oc-34f"/>
      </symbol>
      <symbol id="sm-6d9">
         <name>UARTCharsAvail</name>
         <value>0x2001162d</value>
         <object_component_ref idref="oc-27b"/>
      </symbol>
      <symbol id="sm-6da">
         <name>UARTConfigSetExpClk</name>
         <value>0x2000f30d</value>
         <object_component_ref idref="oc-253"/>
      </symbol>
      <symbol id="sm-6db">
         <name>UARTDMADisable</name>
         <value>0x20011643</value>
         <object_component_ref idref="oc-26a"/>
      </symbol>
      <symbol id="sm-6dc">
         <name>UARTDMAEnable</name>
         <value>0x20011739</value>
         <object_component_ref idref="oc-300"/>
      </symbol>
      <symbol id="sm-6dd">
         <name>UARTDisable</name>
         <value>0x20010d83</value>
         <object_component_ref idref="oc-26c"/>
      </symbol>
      <symbol id="sm-6de">
         <name>UARTEnable</name>
         <value>0x20011355</value>
         <object_component_ref idref="oc-259"/>
      </symbol>
      <symbol id="sm-6df">
         <name>UARTFIFOLevelSet</name>
         <value>0x20011659</value>
         <object_component_ref idref="oc-25b"/>
      </symbol>
      <symbol id="sm-6e0">
         <name>UARTFlowControlSet</name>
         <value>0x20011531</value>
         <object_component_ref idref="oc-25c"/>
      </symbol>
      <symbol id="sm-6e1">
         <name>UARTIntClear</name>
         <value>0x20011945</value>
         <object_component_ref idref="oc-258"/>
      </symbol>
      <symbol id="sm-6e2">
         <name>UARTIntDisable</name>
         <value>0x2001166f</value>
         <object_component_ref idref="oc-269"/>
      </symbol>
      <symbol id="sm-6e3">
         <name>UARTIntEnable</name>
         <value>0x2001174d</value>
         <object_component_ref idref="oc-25a"/>
      </symbol>
      <symbol id="sm-6e4">
         <name>UARTIntStatus</name>
         <value>0x20010eb5</value>
         <object_component_ref idref="oc-276"/>
      </symbol>
      <symbol id="sm-6e5">
         <name>UARTRxErrorGet</name>
         <value>0x20011955</value>
         <object_component_ref idref="oc-278"/>
      </symbol>
      <symbol id="sm-73e">
         <name>uDMAChannelAssign</name>
         <value>0x2000fe0d</value>
         <object_component_ref idref="oc-25d"/>
      </symbol>
      <symbol id="sm-73f">
         <name>uDMAChannelAttributeDisable</name>
         <value>0x2000ee67</value>
         <object_component_ref idref="oc-25e"/>
      </symbol>
      <symbol id="sm-740">
         <name>uDMAChannelControlSet</name>
         <value>0x20010645</value>
         <object_component_ref idref="oc-2fd"/>
      </symbol>
      <symbol id="sm-741">
         <name>uDMAChannelDisable</name>
         <value>0x20011391</value>
         <object_component_ref idref="oc-2f7"/>
      </symbol>
      <symbol id="sm-742">
         <name>uDMAChannelEnable</name>
         <value>0x200113af</value>
         <object_component_ref idref="oc-2ff"/>
      </symbol>
      <symbol id="sm-743">
         <name>uDMAChannelIsEnabled</name>
         <value>0x200113cd</value>
         <object_component_ref idref="oc-279"/>
      </symbol>
      <symbol id="sm-744">
         <name>uDMAChannelSizeGet</name>
         <value>0x2000ffd5</value>
         <object_component_ref idref="oc-2f8"/>
      </symbol>
      <symbol id="sm-745">
         <name>uDMAChannelTransferSet</name>
         <value>0x2000e0af</value>
         <object_component_ref idref="oc-2fe"/>
      </symbol>
      <symbol id="sm-746">
         <name>uDMAControlBaseSet</name>
         <value>0x20011775</value>
         <object_component_ref idref="oc-250"/>
      </symbol>
      <symbol id="sm-747">
         <name>uDMAEnable</name>
         <value>0x200119cd</value>
         <object_component_ref idref="oc-24b"/>
      </symbol>
      <symbol id="sm-748">
         <name>uDMAErrorStatusClear</name>
         <value>0x200119db</value>
         <object_component_ref idref="oc-38a"/>
      </symbol>
      <symbol id="sm-749">
         <name>uDMAErrorStatusGet</name>
         <value>0x20011ab9</value>
         <object_component_ref idref="oc-389"/>
      </symbol>
      <symbol id="sm-74a">
         <name>uDMAIntClear</name>
         <value>0x20011789</value>
         <object_component_ref idref="oc-2f9"/>
      </symbol>
      <symbol id="sm-755">
         <name>UtilsDelay</name>
         <value>0x20011b3d</value>
         <object_component_ref idref="oc-102"/>
      </symbol>
      <symbol id="sm-782">
         <name>FlashDisable</name>
         <value>0x2000f945</value>
         <object_component_ref idref="oc-342"/>
      </symbol>
      <symbol id="sm-793">
         <name>snprintf</name>
         <value>0x20010439</value>
         <object_component_ref idref="oc-14b"/>
      </symbol>
      <symbol id="sm-7b3">
         <name>malloc</name>
         <value>0x20011b55</value>
         <object_component_ref idref="oc-234"/>
      </symbol>
      <symbol id="sm-7b4">
         <name>aligned_alloc</name>
         <value>0x2000de75</value>
         <object_component_ref idref="oc-2e3"/>
      </symbol>
      <symbol id="sm-7b5">
         <name>free</name>
         <value>0x2000e2bd</value>
         <object_component_ref idref="oc-19e"/>
      </symbol>
      <symbol id="sm-7b6">
         <name>_sys_memory</name>
         <value>0x20004040</value>
         <object_component_ref idref="oc-31"/>
      </symbol>
      <symbol id="sm-7b7">
         <name>memalign</name>
         <value>0x2000de75</value>
         <object_component_ref idref="oc-2e3"/>
      </symbol>
      <symbol id="sm-7c2">
         <name>_c_int00_noargs</name>
         <value>0x2001118d</value>
         <object_component_ref idref="oc-76"/>
      </symbol>
      <symbol id="sm-7c3">
         <name>__stack</name>
         <value>0x20003000</value>
         <object_component_ref idref="oc-16"/>
      </symbol>
      <symbol id="sm-7cf">
         <name>__TI_auto_init_nobinit_nopinit</name>
         <value>0x200108c9</value>
         <object_component_ref idref="oc-bf"/>
      </symbol>
      <symbol id="sm-7d7">
         <name>_system_pre_init</name>
         <value>0x20011b9d</value>
         <object_component_ref idref="oc-8b"/>
      </symbol>
      <symbol id="sm-7e2">
         <name>__TI_zero_init</name>
         <value>0x20011985</value>
         <object_component_ref idref="oc-49"/>
      </symbol>
      <symbol id="sm-7eb">
         <name>__TI_decompress_none</name>
         <value>0x200119f7</value>
         <object_component_ref idref="oc-1c"/>
      </symbol>
      <symbol id="sm-7f5">
         <name>__TI_decompress_lzss</name>
         <value>0x2000f3f1</value>
         <object_component_ref idref="oc-18"/>
      </symbol>
      <symbol id="sm-815">
         <name>__TI_printfi_nofloat</name>
         <value>0x2000c041</value>
         <object_component_ref idref="oc-29b"/>
      </symbol>
      <symbol id="sm-81e">
         <name>wcslen</name>
         <value>0x20011975</value>
         <object_component_ref idref="oc-31b"/>
      </symbol>
      <symbol id="sm-829">
         <name>__aeabi_errno_addr</name>
         <value>0x20011b45</value>
         <object_component_ref idref="oc-31f"/>
      </symbol>
      <symbol id="sm-82a">
         <name>__aeabi_errno</name>
         <value>0x2001339c</value>
         <object_component_ref idref="oc-35b"/>
      </symbol>
      <symbol id="sm-834">
         <name>abort</name>
         <value>0x20011ba1</value>
         <object_component_ref idref="oc-b8"/>
      </symbol>
      <symbol id="sm-835">
         <name>C$$EXIT</name>
         <value>0x20011ba0</value>
         <object_component_ref idref="oc-b8"/>
      </symbol>
      <symbol id="sm-83e">
         <name>_nop</name>
         <value>0x2000fb6b</value>
         <object_component_ref idref="oc-17d"/>
      </symbol>
      <symbol id="sm-83f">
         <name>_lock</name>
         <value>0x200133a0</value>
         <object_component_ref idref="oc-f7"/>
      </symbol>
      <symbol id="sm-840">
         <name>_unlock</name>
         <value>0x200133a4</value>
         <object_component_ref idref="oc-fa"/>
      </symbol>
      <symbol id="sm-84d">
         <name>atoi</name>
         <value>0x20010605</value>
         <object_component_ref idref="oc-317"/>
      </symbol>
      <symbol id="sm-857">
         <name>memccpy</name>
         <value>0x20011373</value>
         <object_component_ref idref="oc-310"/>
      </symbol>
      <symbol id="sm-85f">
         <name>__aeabi_ctype_table_</name>
         <value>0x20012620</value>
         <object_component_ref idref="oc-354"/>
      </symbol>
      <symbol id="sm-860">
         <name>__aeabi_ctype_table_C</name>
         <value>0x20012620</value>
         <object_component_ref idref="oc-354"/>
      </symbol>
      <symbol id="sm-878">
         <name>__aeabi_dmul</name>
         <value>0x2000e1c1</value>
         <object_component_ref idref="oc-2ba"/>
      </symbol>
      <symbol id="sm-879">
         <name>__muldf3</name>
         <value>0x2000e1c1</value>
         <object_component_ref idref="oc-2ba"/>
      </symbol>
      <symbol id="sm-87f">
         <name>__aeabi_d2iz</name>
         <value>0x20010141</value>
         <object_component_ref idref="oc-2be"/>
      </symbol>
      <symbol id="sm-880">
         <name>__fixdfsi</name>
         <value>0x20010141</value>
         <object_component_ref idref="oc-2be"/>
      </symbol>
      <symbol id="sm-886">
         <name>__aeabi_i2d</name>
         <value>0x20010db1</value>
         <object_component_ref idref="oc-2b6"/>
      </symbol>
      <symbol id="sm-887">
         <name>__floatsidf</name>
         <value>0x20010db1</value>
         <object_component_ref idref="oc-2b6"/>
      </symbol>
      <symbol id="sm-88d">
         <name>__aeabi_memcpy</name>
         <value>0x20011b99</value>
         <object_component_ref idref="oc-3c"/>
      </symbol>
      <symbol id="sm-88e">
         <name>__aeabi_memcpy4</name>
         <value>0x20011b99</value>
         <object_component_ref idref="oc-3c"/>
      </symbol>
      <symbol id="sm-88f">
         <name>__aeabi_memcpy8</name>
         <value>0x20011b99</value>
         <object_component_ref idref="oc-3c"/>
      </symbol>
      <symbol id="sm-898">
         <name>__aeabi_memset</name>
         <value>0x20011b01</value>
         <object_component_ref idref="oc-30f"/>
      </symbol>
      <symbol id="sm-899">
         <name>__aeabi_memset4</name>
         <value>0x20011b01</value>
         <object_component_ref idref="oc-30f"/>
      </symbol>
      <symbol id="sm-89a">
         <name>__aeabi_memset8</name>
         <value>0x20011b01</value>
         <object_component_ref idref="oc-30f"/>
      </symbol>
      <symbol id="sm-89b">
         <name>__aeabi_memclr</name>
         <value>0x20011b4d</value>
         <object_component_ref idref="oc-67"/>
      </symbol>
      <symbol id="sm-89c">
         <name>__aeabi_memclr4</name>
         <value>0x20011b4d</value>
         <object_component_ref idref="oc-67"/>
      </symbol>
      <symbol id="sm-89d">
         <name>__aeabi_memclr8</name>
         <value>0x20011b4d</value>
         <object_component_ref idref="oc-67"/>
      </symbol>
      <symbol id="sm-8a3">
         <name>__aeabi_uldivmod</name>
         <value>0x20011761</value>
         <object_component_ref idref="oc-221"/>
      </symbol>
      <symbol id="sm-8a9">
         <name>__udivmoddi4</name>
         <value>0x2000e955</value>
         <object_component_ref idref="oc-2ca"/>
      </symbol>
      <symbol id="sm-8b4">
         <name>__aeabi_ldiv0</name>
         <value>0x2000f81f</value>
         <object_component_ref idref="oc-336"/>
      </symbol>
      <symbol id="sm-8bd">
         <name>TI_memcpy_small</name>
         <value>0x20011863</value>
         <object_component_ref idref="oc-81"/>
      </symbol>
      <symbol id="sm-8c5">
         <name>TI_memset_small</name>
         <value>0x200119e9</value>
         <object_component_ref idref="oc-9e"/>
      </symbol>
      <symbol id="sm-8c6">
         <name>__TI_static_base__</name>
         <value>0x200133b0</value>
      </symbol>
      <symbol id="sm-8c9">
         <name>ITM_flush</name>
         <value>0x0</value>
      </symbol>
      <symbol id="sm-8ca">
         <name>ITM_restore</name>
         <value>0x0</value>
      </symbol>
      <symbol id="sm-8cb">
         <name>__mpu_init</name>
         <value>0x0</value>
      </symbol>
      <symbol id="sm-8cc">
         <name>_system_post_cinit</name>
         <value>0x0</value>
      </symbol>
   </symbol_table>
   <title>Link successful</title>
</link_info>
